Archive member included to satisfy reference by file (symbol)

third_party/psyq/lib\libapi.a(a91.o)
                              src/main.o (ChangeClearPAD)
third_party/psyq/lib\libapi.a(pad.o)
                              src/main.o (InitPAD)
third_party/psyq/lib\libapi.a(patch.o)
                              third_party/psyq/lib\libapi.a(pad.o) (_patch_pad)
third_party/psyq/lib\libapi.a(a18.o)
                              third_party/psyq/lib\libapi.a(pad.o) (InitPAD2)
third_party/psyq/lib\libapi.a(a19.o)
                              third_party/psyq/lib\libapi.a(pad.o) (StartPAD2)
third_party/psyq/lib\libapi.a(a21.o)
                              third_party/psyq/lib\libapi.a(pad.o) (PAD_init2)
third_party/psyq/lib\libapi.a(a36.o)
                              third_party/psyq/lib\libapi.a(pad.o) (EnterCriticalSection)
third_party/psyq/lib\libapi.a(a37.o)
                              third_party/psyq/lib\libapi.a(pad.o) (ExitCriticalSection)
third_party/psyq/lib\libapi.a(c68.o)
                              third_party/psyq/lib\libapi.a(patch.o) (FlushCache)
third_party/psyq/lib\libapi.a(chclrpad.o)
                              third_party/psyq/lib\libapi.a(pad.o) (_remove_ChgclrPAD)
third_party/psyq/lib\libapi.a(l02.o)
                              third_party/psyq/lib\libapi.a(pad.o) (SysEnqIntRP)
third_party/psyq/lib\libapi.a(l03.o)
                              third_party/psyq/lib\libapi.a(pad.o) (SysDeqIntRP)
third_party/psyq/lib\libc.a(c27.o)
                              src/main.o (strlen)
third_party/psyq/lib\libc.a(c42.o)
                              src/main.o (memcpy)
third_party/psyq/lib\libc.a(c47.o)
                              src/main.o (rand)
third_party/psyq/lib\libc.a(sprintf.o)
                              src/main.o (sprintf)
third_party/psyq/lib\libc.a(c46.o)
                              third_party/psyq/lib\libc.a(sprintf.o) (memchr)
third_party/psyq/lib\libc.a(memmove.o)
                              third_party/psyq/lib\libc.a(sprintf.o) (memmove)
third_party/psyq/lib\libetc.a(vsync.o)
                              src/main.o (VSync)
third_party/psyq/lib\libetc.a(intr_vb.o)
                              third_party/psyq/lib\libetc.a(vsync.o) (Vcount)
third_party/psyq/lib\libetc.a(intr.o)
                              third_party/psyq/lib\libetc.a(intr_vb.o) (InterruptCallback)
third_party/psyq/lib\libetc.a(intr_dma.o)
                              third_party/psyq/lib\libetc.a(intr.o) (startIntrDMA)
third_party/psyq/lib\libgpu.a(e03.o)
                              src/main.o (SetDefDrawEnv)
third_party/psyq/lib\libgpu.a(e04.o)
                              src/main.o (SetDefDispEnv)
third_party/psyq/lib\libgpu.a(font.o)
                              src/main.o (FntFlush)
third_party/psyq/lib\libgpu.a(p06.o)
                              third_party/psyq/lib\libgpu.a(font.o) (AddPrim)
third_party/psyq/lib\libgpu.a(p09.o)
                              third_party/psyq/lib\libgpu.a(font.o) (TermPrim)
third_party/psyq/lib\libgpu.a(p10.o)
                              third_party/psyq/lib\libgpu.a(font.o) (SetSemiTrans)
third_party/psyq/lib\libgpu.a(p20.o)
                              third_party/psyq/lib\libgpu.a(font.o) (SetSprt8)
third_party/psyq/lib\libgpu.a(p26.o)
                              third_party/psyq/lib\libgpu.a(font.o) (SetTile)
third_party/psyq/lib\libgpu.a(p41.o)
                              third_party/psyq/lib\libgpu.a(font.o) (SetDrawMode)
third_party/psyq/lib\libgpu.a(sys.o)
                              src/main.o (LoadImage)
third_party/psyq/lib\libgpu.a(t00.o)
                              src/main.o (ReadTIM)
third_party/psyq/lib\libgpu.a(e00.o)
                              third_party/psyq/lib\libgpu.a(font.o) (LoadTPage)
third_party/psyq/lib\libgpu.a(e02.o)
                              third_party/psyq/lib\libgpu.a(font.o) (LoadClut2)
third_party/psyq/lib\libgpu.a(p00.o)
                              third_party/psyq/lib\libgpu.a(e00.o) (GetTPage)
third_party/psyq/lib\libgpu.a(p01.o)
                              third_party/psyq/lib\libgpu.a(e02.o) (GetClut)
third_party/psyq/lib\libgte.a(cor_02.o)
                              src/main.o (ccos)
third_party/psyq/lib\libgte.a(cor_03.o)
                              src/main.o (csin)
third_party/psyq/lib\libgte.a(cor_01.o)
                              third_party/psyq/lib\libgte.a(cor_02.o) (csincos)
third_party/psyq/lib\libapi.a(a23.o)
                              third_party/psyq/lib\libetc.a(intr.o) (ReturnFromException)
third_party/psyq/lib\libapi.a(a24.o)
                              third_party/psyq/lib\libetc.a(intr.o) (ResetEntryInt)
third_party/psyq/lib\libapi.a(a25.o)
                              third_party/psyq/lib\libetc.a(intr.o) (HookEntryInt)
third_party/psyq/lib\libapi.a(c114.o)
                              third_party/psyq/lib\libetc.a(intr.o) (_96_remove)
third_party/psyq/lib\libapi.a(c73.o)
                              third_party/psyq/lib\libgpu.a(sys.o) (GPU_cw)
third_party/psyq/lib\libapi.a(l10.o)
                              third_party/psyq/lib\libetc.a(vsync.o) (ChangeClearRCnt)
third_party/psyq/lib\libc.a(a63.o)
                              third_party/psyq/lib\libetc.a(vsync.o) (puts)
third_party/psyq/lib\libc.a(c19.o)
                              third_party/psyq/lib\libetc.a(intr.o) (setjmp)
third_party/psyq/lib\libc.a(c43.o)
                              third_party/psyq/lib\libgpu.a(font.o) (memset)
third_party/psyq/lib\libc.a(c63.o)
                              third_party/psyq/lib\libetc.a(intr.o) (printf)
third_party/psyq/lib\libetc.a(vmode.o)
                              third_party/psyq/lib\libgpu.a(e03.o) (GetVideoMode)

Discarded input sections

 .text          0x00000000        0x0 third_party/nugget/common/crt0/crt0.o
 .bss           0x00000000        0x0 third_party/nugget/common/crt0/crt0.o
 .MIPS.abiflags
                0x00000000       0x18 third_party/nugget/common/crt0/crt0.o
 .text          0x00000000        0x0 src/main.o
 .bss           0x00000000        0x0 src/main.o
 .reginfo       0x00000000       0x18 src/main.o
 .MIPS.abiflags
                0x00000000       0x18 src/main.o
 .pdr           0x00000000      0x180 src/main.o
 .text.checkCollision
                0x00000000       0x54 src/main.o
 .sbss.notImplementedTimer
                0x00000000        0x4 src/main.o
 .sbss.twoPMessageTimer
                0x00000000        0x4 src/main.o
 .text          0x00000000        0x0 assets/my_image.o
 .bss           0x00000000        0x0 assets/my_image.o
 .reginfo       0x00000000       0x18 assets/my_image.o
 .MIPS.abiflags
                0x00000000       0x18 assets/my_image.o

Memory Configuration

Name             Origin             Length             Attributes
loader           0x8000f800         0x00000800
ram              0x80010000         0x001f0000         xrw
dcache           0x1f800000         0x00000400
*default*        0x00000000         0xffffffff

Linker script and memory map

LOAD third_party/nugget/common/crt0/crt0.o
LOAD src/main.o
LOAD assets/my_image.o
START GROUP
LOAD third_party/psyq/lib\libapi.a
LOAD third_party/psyq/lib\libc.a
LOAD third_party/psyq/lib\libc2.a
LOAD third_party/psyq/lib\libcard.a
LOAD third_party/psyq/lib\libcd.a
LOAD third_party/psyq/lib\libcomb.a
LOAD third_party/psyq/lib\libds.a
LOAD third_party/psyq/lib\libetc.a
LOAD third_party/psyq/lib\libgpu.a
LOAD third_party/psyq/lib\libgs.a
LOAD third_party/psyq/lib\libgte.a
LOAD third_party/psyq/lib\libgun.a
LOAD third_party/psyq/lib\libhmd.a
LOAD third_party/psyq/lib\libmath.a
LOAD third_party/psyq/lib\libmcrd.a
LOAD third_party/psyq/lib\libmcx.a
LOAD third_party/psyq/lib\libpad.a
LOAD third_party/psyq/lib\libpress.a
LOAD third_party/psyq/lib\libsio.a
LOAD third_party/psyq/lib\libsnd.a
LOAD third_party/psyq/lib\libspu.a
LOAD third_party/psyq/lib\libtap.a
END GROUP
                0x80044070                        __heap_base = __bss_end
                0x00200000                        RAM_SIZE = DEFINED (RAM_SIZE)?RAM_SIZE:0x200000
                0x80010000                        TLOAD_ADDR = DEFINED (TLOAD_ADDR)?TLOAD_ADDR:0x80010000
                0x80200000                        __ram_top = (ORIGIN (ram) + LENGTH (ram))
                0x801fff00                        __sp = (__ram_top - 0x100)
                0x1f800000                        __dcache = ORIGIN (dcache)
                0x1f800400                        __dcache_top = (ORIGIN (dcache) + LENGTH (dcache))
                0x00016070                        __bss_len = (__bss_end - __bss_start)
                0x00007550                        __ftext_len = (__ftext_end - __ftext_start)
                0x00016ab0                        __fdata_len = (__fdata_end - __fdata_start)
                0x80200000                        __stack_start = (ORIGIN (ram) + LENGTH (ram))

.PSX_EXE_Header
                0x8000f800      0x800
                0x8000f800        0x1 BYTE 0x50
                0x8000f801        0x1 BYTE 0x53
                0x8000f802        0x1 BYTE 0x2d
                0x8000f803        0x1 BYTE 0x58
                0x8000f804        0x1 BYTE 0x20
                0x8000f805        0x1 BYTE 0x45
                0x8000f806        0x1 BYTE 0x58
                0x8000f807        0x1 BYTE 0x45
                0x8000f808        0x4 LONG 0x0
                0x8000f80c        0x4 LONG 0x0
                0x8000f810        0x4 LONG 0x80010000 ABSOLUTE (_start)
                0x8000f814        0x4 LONG 0x0
                0x8000f818        0x4 LONG 0x80010000 TLOAD_ADDR
                0x8000f81c        0x4 LONG 0x1e000 (__ftext_len + __fdata_len)
                0x8000f820        0x4 LONG 0x0
                0x8000f824        0x4 LONG 0x0
                0x8000f828        0x4 LONG 0x0
                0x8000f82c        0x4 LONG 0x0
                0x8000f830        0x4 LONG 0x801fff00 DEFINED (_sp)?ABSOLUTE (_sp):__sp
                0x8000f834        0x4 LONG 0x0
                0x80010000                        . = (. + 0x7c8)
 *fill*         0x8000f838      0x7c8 
                0x80010000                        __ftext_start = ABSOLUTE (.)

.text           0x80010000     0x7550
 *(.start)
 .start         0x80010000       0x64 third_party/nugget/common/crt0/crt0.o
                0x80010000                _start
 *(.init)
 *(SORT_NONE(.fini))
 *(.text.unlikely .text.*_unlikely .text.unlikely.*)
 *(.text.exit .text.exit.*)
 *(.text.startup .text.startup.*)
 .text.startup.main
                0x80010064      0x110 src/main.o
                0x80010064                main
 *(.text.hot .text.hot.*)
 *(.text .stub .text.* .gnu.linkonce.t.*)
 .text.display  0x80010174      0x16c src/main.o
                0x80010174                display
 .text.LoadTexture
                0x800102e0       0x7c src/main.o
                0x800102e0                LoadTexture
 .text.loadstuff
                0x8001035c       0xa8 src/main.o
                0x8001035c                loadstuff
 .text.init     0x80010404      0x198 src/main.o
                0x80010404                init
 .text.sortRotSprite
                0x8001059c      0x2c0 src/main.o
                0x8001059c                sortRotSprite
 .text.spawnAsteroid
                0x8001085c      0x214 src/main.o
                0x8001085c                spawnAsteroid
 .text.updateGame
                0x80010a70      0x92c src/main.o
                0x80010a70                updateGame
 .text.centerPrint
                0x8001139c       0x84 src/main.o
                0x8001139c                centerPrint
 .text.updateTitleScreen
                0x80011420      0x224 src/main.o
                0x80011420                updateTitleScreen
 .text.updateGameOver
                0x80011644      0x108 src/main.o
                0x80011644                updateGameOver
 *fill*         0x8001174c        0x4 
 .text          0x80011750       0x10 third_party/psyq/lib\libapi.a(a91.o)
                0x80011750                ChangeClearPAD
 .text          0x80011760      0x290 third_party/psyq/lib\libapi.a(pad.o)
                0x80011760                SetInitPadFlag
                0x8001176c                ReadInitPadFlag
                0x8001177c                PAD_init
                0x8001180c                InitPAD
                0x8001189c                StartPAD
 .text          0x800119f0       0xa0 third_party/psyq/lib\libapi.a(patch.o)
                0x800119f0                EnablePAD
                0x80011a04                DisablePAD
                0x80011a18                _patch_pad
 .text          0x80011a90       0x10 third_party/psyq/lib\libapi.a(a18.o)
                0x80011a90                InitPAD2
 .text          0x80011aa0       0x10 third_party/psyq/lib\libapi.a(a19.o)
                0x80011aa0                StartPAD2
 .text          0x80011ab0       0x10 third_party/psyq/lib\libapi.a(a21.o)
                0x80011ab0                PAD_init2
 .text          0x80011ac0       0x10 third_party/psyq/lib\libapi.a(a36.o)
                0x80011ac0                EnterCriticalSection
 .text          0x80011ad0       0x10 third_party/psyq/lib\libapi.a(a37.o)
                0x80011ad0                ExitCriticalSection
 .text          0x80011ae0       0x10 third_party/psyq/lib\libapi.a(c68.o)
                0x80011ae0                FlushCache
 .text          0x80011af0       0x70 third_party/psyq/lib\libapi.a(chclrpad.o)
                0x80011af0                _remove_ChgclrPAD
 .text          0x80011b60       0x10 third_party/psyq/lib\libapi.a(l02.o)
                0x80011b60                SysEnqIntRP
 .text          0x80011b70       0x10 third_party/psyq/lib\libapi.a(l03.o)
                0x80011b70                SysDeqIntRP
 .text          0x80011b80       0x10 third_party/psyq/lib\libc.a(c27.o)
                0x80011b80                strlen
 .text          0x80011b90       0x10 third_party/psyq/lib\libc.a(c42.o)
                0x80011b90                memcpy
 .text          0x80011ba0       0x10 third_party/psyq/lib\libc.a(c47.o)
                0x80011ba0                rand
 .text          0x80011bb0      0x890 third_party/psyq/lib\libc.a(sprintf.o)
                0x80011bb0                sprintf
 .text          0x80012440       0x10 third_party/psyq/lib\libc.a(c46.o)
                0x80012440                memchr
 .text          0x80012450       0x70 third_party/psyq/lib\libc.a(memmove.o)
                0x80012450                memmove
 .text          0x800124c0      0x210 third_party/psyq/lib\libetc.a(vsync.o)
                0x800124c0                VSync
 .text          0x800126d0      0x120 third_party/psyq/lib\libetc.a(intr_vb.o)
                0x800126d0                startIntrVSync
 .text          0x800127f0      0x6c0 third_party/psyq/lib\libetc.a(intr.o)
                0x800127f0                ResetCallback
                0x80012820                InterruptCallback
                0x80012850                DMACallback
                0x80012880                VSyncCallback
                0x800128b4                VSyncCallbacks
                0x800128e4                StopCallback
                0x80012914                RestartCallback
                0x80012944                CheckCallback
                0x80012954                GetIntrMask
                0x8001296c                SetIntrMask
 .text          0x80012eb0      0x2a0 third_party/psyq/lib\libetc.a(intr_dma.o)
                0x80012eb0                startIntrDMA
 .text          0x80013150       0xc0 third_party/psyq/lib\libgpu.a(e03.o)
                0x80013150                SetDefDrawEnv
 .text          0x80013210       0x40 third_party/psyq/lib\libgpu.a(e04.o)
                0x80013210                SetDefDispEnv
 .text          0x80013250      0xa80 third_party/psyq/lib\libgpu.a(font.o)
                0x80013250                SetDumpFnt
                0x80013290                FntLoad
                0x80013330                FntOpen
                0x800135ec                FntFlush
                0x80013908                FntPrint
 .text          0x80013cd0       0x40 third_party/psyq/lib\libgpu.a(p06.o)
                0x80013cd0                AddPrim
 .text          0x80013d10       0x20 third_party/psyq/lib\libgpu.a(p09.o)
                0x80013d10                TermPrim
 .text          0x80013d30       0x30 third_party/psyq/lib\libgpu.a(p10.o)
                0x80013d30                SetSemiTrans
 .text          0x80013d60       0x20 third_party/psyq/lib\libgpu.a(p20.o)
                0x80013d60                SetSprt8
 .text          0x80013d80       0x20 third_party/psyq/lib\libgpu.a(p26.o)
                0x80013d80                SetTile
 .text          0x80013da0       0xa0 third_party/psyq/lib\libgpu.a(p41.o)
                0x80013da0                SetDrawMode
 .text          0x80013e40     0x2f00 third_party/psyq/lib\libgpu.a(sys.o)
                0x80013e40                ResetGraph
                0x80013fb4                SetGraphDebug
                0x80014010                SetGraphQueue
                0x800140b4                GetGraphDebug
                0x800140c4                DrawSyncCallback
                0x80014124                SetDispMask
                0x800141bc                DrawSync
                0x80014340                ClearImage
                0x800143d0                ClearImage2
                0x80014468                LoadImage
                0x800144c8                StoreImage
                0x80014528                MoveImage
                0x800145e0                ClearOTag
                0x800146a8                ClearOTagR
                0x80014754                DrawPrim
                0x800147b0                DrawOTag
                0x80014820                PutDrawEnv
                0x800148e0                DrawOTagEnv
                0x800149b8                GetDrawEnv
                0x800149ec                PutDispEnv
                0x80014ee4                GetDispEnv
                0x80014f18                GetODE
                0x80014f48                SetDrawArea
                0x80014fc8                SetDrawOffset
                0x80015008                SetDrawEnv
                0x800168d8                LoadImage2
                0x800169c4                StoreImage2
                0x80016ab0                MoveImage2
                0x80016bf4                DrawOTag2
                0x80016cf0                _GPU_ResetCallback
 .text          0x80016d40      0x190 third_party/psyq/lib\libgpu.a(t00.o)
                0x80016d40                OpenTIM
                0x80016d50                ReadTIM
 .text          0x80016ed0       0xf0 third_party/psyq/lib\libgpu.a(e00.o)
                0x80016ed0                LoadTPage
 .text          0x80016fc0       0x70 third_party/psyq/lib\libgpu.a(e02.o)
                0x80016fc0                LoadClut2
 .text          0x80017030       0x40 third_party/psyq/lib\libgpu.a(p00.o)
                0x80017030                GetTPage
 .text          0x80017070       0x20 third_party/psyq/lib\libgpu.a(p01.o)
                0x80017070                GetClut
 .text          0x80017090       0xd0 third_party/psyq/lib\libgte.a(cor_02.o)
                0x80017090                ccos
 .text          0x80017160      0x1e0 third_party/psyq/lib\libgte.a(cor_03.o)
                0x80017160                csin_1
                0x80017200                csin
 .text          0x80017340      0x120 third_party/psyq/lib\libgte.a(cor_01.o)
                0x80017340                csincos
 .text          0x80017460       0x10 third_party/psyq/lib\libapi.a(a23.o)
                0x80017460                ReturnFromException
 .text          0x80017470       0x10 third_party/psyq/lib\libapi.a(a24.o)
                0x80017470                ResetEntryInt
 .text          0x80017480       0x10 third_party/psyq/lib\libapi.a(a25.o)
                0x80017480                HookEntryInt
 .text          0x80017490       0x20 third_party/psyq/lib\libapi.a(c114.o)
                0x80017498                _96_remove
 .text          0x800174b0       0x10 third_party/psyq/lib\libapi.a(c73.o)
                0x800174b0                GPU_cw
 .text          0x800174c0       0x10 third_party/psyq/lib\libapi.a(l10.o)
                0x800174c0                ChangeClearRCnt
 .text          0x800174d0       0x20 third_party/psyq/lib\libc.a(a63.o)
                0x800174d8                puts
 .text          0x800174f0       0x10 third_party/psyq/lib\libc.a(c19.o)
                0x800174f0                setjmp
 .text          0x80017500       0x10 third_party/psyq/lib\libc.a(c43.o)
                0x80017500                memset
 .text          0x80017510       0x10 third_party/psyq/lib\libc.a(c63.o)
                0x80017510                printf
 .text          0x80017520       0x30 third_party/psyq/lib\libetc.a(vmode.o)
                0x80017520                SetVideoMode
                0x80017534                GetVideoMode
                0x80017550                        . = ALIGN (0x10)
 *(.init)
                0x80017550                        . = ALIGN (0x10)
 *(.fini)
                0x80017550                        . = ALIGN (0x10)
                0x80017550                        __text_end = .
                0x80017550                        __ftext_end = ABSOLUTE (.)
                0x80017550                        __fdata_start = ABSOLUTE (.)

.rodata         0x80017550      0x530
 *(.rodata .rodata.* .rdata .rdata.* .gnu.linkonce.r.*)
 .rodata        0x80017550       0x10 third_party/nugget/common/crt0/crt0.o
 .rodata.updateGame.str1.4
                0x80017560       0xa0 src/main.o
                                  0xa (size before relaxing)
 .rodata.centerPrint.str1.4
                0x80017600        0x8 src/main.o
 .rodata.updateTitleScreen.str1.4
                0x80017600       0x67 src/main.o
 .rodata.updateGameOver.str1.4
                0x80017600       0x24 src/main.o
 .rdata         0x80017600       0xe0 third_party/psyq/lib\libc.a(sprintf.o)
 .rdata         0x800176e0       0x10 third_party/psyq/lib\libetc.a(vsync.o)
 .rdata         0x800176f0       0x70 third_party/psyq/lib\libetc.a(intr.o)
 .rdata         0x80017760       0x30 third_party/psyq/lib\libetc.a(intr_dma.o)
 .rdata         0x80017790       0xa0 third_party/psyq/lib\libgpu.a(font.o)
 .rdata         0x80017830      0x220 third_party/psyq/lib\libgpu.a(sys.o)
 .rdata         0x80017a50       0x30 third_party/psyq/lib\libgpu.a(t00.o)
                0x80017a80                        . = ALIGN (0x10)
                0x80017a80                        __preinit_array_start = .
 *(.preinit_array)
                0x80017a80                        __preinit_array_end = .
                0x80017a80                        . = ALIGN (0x10)
                0x80017a80                        __init_array_start = .
 *(SORT_BY_NAME(.init_array.*))
 *(.init_array)
                0x80017a80                        . = ALIGN (0x10)
 *crtbegin.o(.ctors)
 *(EXCLUDE_FILE(*crtend.o) .ctors)
 *(SORT_BY_NAME(.ctors.*))
 *crtend.o(.ctors)
                0x80017a80                        __init_array_end = .
                0x80017a80                        . = ALIGN (0x10)
                0x80017a80                        __fini_array_start = .
 *(.fini_array)
 *(SORT_BY_NAME(.fini_array.*))
 *crtbegin.o(.dtors)
 *(EXCLUDE_FILE(*crtend.o) .dtors)
 *(SORT_BY_NAME(.dtors.*))
 *crtend.o(.dtors)
                0x80017a80                        __fini_array_end = .
                0x80017a80                        __build_id = .
 *(.note.gnu.build-id)
                0x80017a80                        __build_id_end = .

.rel.dyn        0x80017a80        0x0
 .rel.dyn       0x80017a80        0x0 third_party/psyq/lib\libgpu.a(sys.o)

.rodata1
 *(.rodata1)
                0x80017a80                        __data_start = .

.data           0x80017a80    0x16580
 *(.data .data.* .gnu.linkonce.d.*)
 .data          0x80017a80        0x0 third_party/nugget/common/crt0/crt0.o
 .data          0x80017a80        0x0 src/main.o
 .data.player_tri
                0x80017a80       0x18 src/main.o
                0x80017a80                player_tri
 .data          0x80017a98    0x14040 assets/my_image.o
                0x80017a98                tim_my_image
                0x80018cb8                tim_background
 .data          0x8002bad8       0x10 third_party/psyq/lib\libapi.a(pad.o)
 .data          0x8002bae8       0x10 third_party/psyq/lib\libc.a(sprintf.o)
 .data          0x8002baf8       0x20 third_party/psyq/lib\libetc.a(vsync.o)
                0x8002bb08                Hcount
 .data          0x8002bb18       0x30 third_party/psyq/lib\libetc.a(intr_vb.o)
                0x8002bb38                Vcount
 .data          0x8002bb48     0x1100 third_party/psyq/lib\libetc.a(intr.o)
 .data          0x8002cc48       0x30 third_party/psyq/lib\libetc.a(intr_dma.o)
 .data          0x8002cc78      0xb90 third_party/psyq/lib\libgpu.a(font.o)
                0x8002cc78                Font
 .data          0x8002d808      0x1a0 third_party/psyq/lib\libgpu.a(sys.o)
                0x8002d854                GPU_printf
                0x8002d858                GEnv
                0x8002d980                _qin
                0x8002d984                _qout
 .data          0x8002d9a8       0x20 third_party/psyq/lib\libgte.a(cor_01.o)
                0x8002d9a8                H_cor_tbl
 .data          0x8002d9c8       0x10 third_party/psyq/lib\libetc.a(vmode.o)
 *(.data1)
 *(.sdata .sdata.* .gnu.linkonce.s.*)
 .sdata.titleDelay
                0x8002d9d8        0x4 src/main.o
                0x8002d9d8                titleDelay
 .sdata.twoPMessageFade
                0x8002d9dc        0x4 src/main.o
                0x8002d9dc                twoPMessageFade
 *(.sdata2 .sdata2.* .gnu.linkonce.s2.*)
 *(.got.plt)
 *(.got)
                0x8002e000                        . = ALIGN (0x800)
 *fill*         0x8002d9e0      0x620 50414444
                0x8002e000                        __data_end = .
                0x8002e000                        __fdata_end = .
                0x8002e000                        __bss_start = .

.sbss           0x8002e000    0x16070
 *(.dynsbss)
 *(.sbss .sbss.* .gnu.linkonce.sb.*)
 .sbss.gameState
                0x8002e000        0x4 src/main.o
                0x8002e000                gameState
 .sbss.vel_y    0x8002e004        0x4 src/main.o
                0x8002e004                vel_y
 .sbss.vel_x    0x8002e008        0x4 src/main.o
                0x8002e008                vel_x
 .sbss.angle    0x8002e00c        0x4 src/main.o
                0x8002e00c                angle
 .sbss.pos_y    0x8002e010        0x4 src/main.o
                0x8002e010                pos_y
 .sbss.pos_x    0x8002e014        0x4 src/main.o
                0x8002e014                pos_x
 .sbss.shake_magnitude
                0x8002e018        0x4 src/main.o
                0x8002e018                shake_magnitude
 .sbss.shake_timer
                0x8002e01c        0x4 src/main.o
                0x8002e01c                shake_timer
 .sbss.tim_voffs
                0x8002e020        0x4 src/main.o
                0x8002e020                tim_voffs
 .sbss.tim_uoffs
                0x8002e024        0x4 src/main.o
                0x8002e024                tim_uoffs
 .sbss.tim_crect
                0x8002e028        0x8 src/main.o
                0x8002e028                tim_crect
 .sbss.tim_prect
                0x8002e030        0x8 src/main.o
                0x8002e030                tim_prect
 .sbss.tim_mode
                0x8002e038        0x4 src/main.o
                0x8002e038                tim_mode
 .sbss.nextpri  0x8002e03c        0x4 src/main.o
                0x8002e03c                nextpri
 .sbss.db       0x8002e040        0x4 src/main.o
                0x8002e040                db
 .sbss.score    0x8002e044        0x4 src/main.o
                0x8002e044                score
 .sbss.alive    0x8002e048        0x4 src/main.o
                0x8002e048                alive
 .sbss.selectedOption
                0x8002e04c        0x4 src/main.o
                0x8002e04c                selectedOption
 *(.scommon)
 *(.dynbss)
 *(.bss .bss.* .gnu.linkonce.b.*)
 .bss.prev_buttons.0
                0x8002e050        0x4 src/main.o
 .bss.spawn_timer.1
                0x8002e054        0x4 src/main.o
 .bss.padbuff   0x8002e058       0x44 src/main.o
                0x8002e058                padbuff
 .bss.pribuff   0x8002e09c    0x10000 src/main.o
                0x8002e09c                pribuff
 .bss.ot        0x8003e09c       0x40 src/main.o
                0x8003e09c                ot
 .bss.draw      0x8003e0dc       0xb8 src/main.o
                0x8003e0dc                draw
 .bss.disp      0x8003e194       0x28 src/main.o
                0x8003e194                disp
 .bss.bullets   0x8003e1bc       0x14 src/main.o
                0x8003e1bc                bullets
 .bss.asteroids
                0x8003e1d0      0x100 src/main.o
                0x8003e1d0                asteroids
 .bss.explosions
                0x8003e2d0      0x100 src/main.o
                0x8003e2d0                explosions
 .bss           0x8003e3d0       0x10 third_party/psyq/lib\libapi.a(pad.o)
                0x8003e3d0                _apiPadPatch
 .bss           0x8003e3e0       0x10 third_party/psyq/lib\libapi.a(patch.o)
 .bss           0x8003e3f0       0x10 third_party/psyq/lib\libapi.a(chclrpad.o)
 .bss           0x8003e400     0x4410 third_party/psyq/lib\libgpu.a(font.o)
 .bss           0x80042810     0x1850 third_party/psyq/lib\libgpu.a(sys.o)
                0x80042860                _que
 .bss           0x80044060       0x10 third_party/psyq/lib\libgpu.a(t00.o)
 *(COMMON)
                0x80044070                        . = ALIGN (0x4)
                0x80044070                        __bss_end = .
                0x80044070                        __heap_start = __heap_base
                0x8000f800                        . = (ADDR (.text) - 0x800)
                0x8000f800                        __end = .

/DISCARD/
 *(.MIPS.abiflags)

/DISCARD/
 *(.rel.iplt)
 *(.rela.iplt)
 *(.rel.plt)
 *(.rela.plt)
 *(.plt)
 *(.iplt)

/DISCARD/
 *(.note.GNU-stack)
 *(.gnu_debuglink)
 *(.gnu.lto_*)

.scratchpad
 *(.scratchpad)
OUTPUT(MAIN.elf elf32-littlemips)

.reginfo        0x00000000       0x18
 .reginfo       0x00000000       0x18 third_party/nugget/common/crt0/crt0.o

.pdr            0x00000000        0x0
 .pdr           0x00000000        0x0 third_party/nugget/common/crt0/crt0.o
 .pdr           0x00000000        0x0 assets/my_image.o

.gnu.attributes
                0x00000000       0x10
 .gnu.attributes
                0x00000000       0x10 third_party/nugget/common/crt0/crt0.o
 .gnu.attributes
                0x00000010       0x10 src/main.o
 .gnu.attributes
                0x00000020       0x10 assets/my_image.o

.mdebug.abi32   0x00000000        0x0
 .mdebug.abi32  0x00000000        0x0 src/main.o

.comment        0x00000000       0x12
 .comment       0x00000000       0x12 src/main.o
                                 0x13 (size before relaxing)

.note           0x00000000     0x171c
 .note          0x00000000       0x74 third_party/psyq/lib\libapi.a(a91.o)
 .note          0x00000074       0x74 third_party/psyq/lib\libapi.a(pad.o)
 .note          0x000000e8       0x74 third_party/psyq/lib\libapi.a(patch.o)
 .note          0x0000015c       0x74 third_party/psyq/lib\libapi.a(a18.o)
 .note          0x000001d0       0x74 third_party/psyq/lib\libapi.a(a19.o)
 .note          0x00000244       0x74 third_party/psyq/lib\libapi.a(a21.o)
 .note          0x000002b8       0x74 third_party/psyq/lib\libapi.a(a36.o)
 .note          0x0000032c       0x74 third_party/psyq/lib\libapi.a(a37.o)
 .note          0x000003a0       0x74 third_party/psyq/lib\libapi.a(c68.o)
 .note          0x00000414       0x74 third_party/psyq/lib\libapi.a(chclrpad.o)
 .note          0x00000488       0x74 third_party/psyq/lib\libapi.a(l02.o)
 .note          0x000004fc       0x74 third_party/psyq/lib\libapi.a(l03.o)
 .note          0x00000570       0x74 third_party/psyq/lib\libc.a(c27.o)
 .note          0x000005e4       0x74 third_party/psyq/lib\libc.a(c42.o)
 .note          0x00000658       0x74 third_party/psyq/lib\libc.a(c47.o)
 .note          0x000006cc       0x74 third_party/psyq/lib\libc.a(sprintf.o)
 .note          0x00000740       0x74 third_party/psyq/lib\libc.a(c46.o)
 .note          0x000007b4       0x74 third_party/psyq/lib\libc.a(memmove.o)
 .note          0x00000828       0x74 third_party/psyq/lib\libetc.a(vsync.o)
 .note          0x0000089c       0x74 third_party/psyq/lib\libetc.a(intr_vb.o)
 .note          0x00000910       0x74 third_party/psyq/lib\libetc.a(intr.o)
 .note          0x00000984       0x74 third_party/psyq/lib\libetc.a(intr_dma.o)
 .note          0x000009f8       0x74 third_party/psyq/lib\libgpu.a(e03.o)
 .note          0x00000a6c       0x74 third_party/psyq/lib\libgpu.a(e04.o)
 .note          0x00000ae0       0x74 third_party/psyq/lib\libgpu.a(font.o)
 .note          0x00000b54       0x74 third_party/psyq/lib\libgpu.a(p06.o)
 .note          0x00000bc8       0x74 third_party/psyq/lib\libgpu.a(p09.o)
 .note          0x00000c3c       0x74 third_party/psyq/lib\libgpu.a(p10.o)
 .note          0x00000cb0       0x74 third_party/psyq/lib\libgpu.a(p20.o)
 .note          0x00000d24       0x74 third_party/psyq/lib\libgpu.a(p26.o)
 .note          0x00000d98       0x74 third_party/psyq/lib\libgpu.a(p41.o)
 .note          0x00000e0c       0x74 third_party/psyq/lib\libgpu.a(sys.o)
 .note          0x00000e80       0x74 third_party/psyq/lib\libgpu.a(t00.o)
 .note          0x00000ef4       0x74 third_party/psyq/lib\libgpu.a(e00.o)
 .note          0x00000f68       0x74 third_party/psyq/lib\libgpu.a(e02.o)
 .note          0x00000fdc       0x74 third_party/psyq/lib\libgpu.a(p00.o)
 .note          0x00001050       0x74 third_party/psyq/lib\libgpu.a(p01.o)
 .note          0x000010c4       0x74 third_party/psyq/lib\libgte.a(cor_02.o)
 .note          0x00001138       0x74 third_party/psyq/lib\libgte.a(cor_03.o)
 .note          0x000011ac       0x74 third_party/psyq/lib\libgte.a(cor_01.o)
 .note          0x00001220       0x74 third_party/psyq/lib\libapi.a(a23.o)
 .note          0x00001294       0x74 third_party/psyq/lib\libapi.a(a24.o)
 .note          0x00001308       0x74 third_party/psyq/lib\libapi.a(a25.o)
 .note          0x0000137c       0x74 third_party/psyq/lib\libapi.a(c114.o)
 .note          0x000013f0       0x74 third_party/psyq/lib\libapi.a(c73.o)
 .note          0x00001464       0x74 third_party/psyq/lib\libapi.a(l10.o)
 .note          0x000014d8       0x74 third_party/psyq/lib\libc.a(a63.o)
 .note          0x0000154c       0x74 third_party/psyq/lib\libc.a(c19.o)
 .note          0x000015c0       0x74 third_party/psyq/lib\libc.a(c43.o)
 .note          0x00001634       0x74 third_party/psyq/lib\libc.a(c63.o)
 .note          0x000016a8       0x74 third_party/psyq/lib\libetc.a(vmode.o)

.debug_line     0x00000000     0x11fe
 .debug_line    0x00000000       0x5b third_party/nugget/common/crt0/crt0.o
 .debug_line    0x0000005b     0x11a3 src/main.o

.debug_line_str
                0x00000000       0x43
 .debug_line_str
                0x00000000       0x43 third_party/nugget/common/crt0/crt0.o

.debug_info     0x00000000     0x1ce3
 .debug_info    0x00000000       0x24 third_party/nugget/common/crt0/crt0.o
 .debug_info    0x00000024     0x1cbf src/main.o

.debug_abbrev   0x00000000      0x53f
 .debug_abbrev  0x00000000       0x14 third_party/nugget/common/crt0/crt0.o
 .debug_abbrev  0x00000014      0x52b src/main.o

.debug_aranges  0x00000000       0x98
 .debug_aranges
                0x00000000       0x20 third_party/nugget/common/crt0/crt0.o
 .debug_aranges
                0x00000020       0x78 src/main.o

.debug_str      0x00000000      0x625
 .debug_str     0x00000000      0x625 third_party/nugget/common/crt0/crt0.o
                                 0x4f (size before relaxing)
 .debug_str     0x00000625      0x658 src/main.o

.debug_loclists
                0x00000000      0x8e3
 .debug_loclists
                0x00000000      0x8e3 src/main.o

.debug_rnglists
                0x00000000      0x10d
 .debug_rnglists
                0x00000000      0x10d src/main.o

.debug_frame    0x00000000      0x1f0
 .debug_frame   0x00000000      0x1f0 src/main.o
