Archive member included to satisfy reference by file (symbol)

third_party/psyq/lib\libapi.a(a91.o)
                              src/main.o (ChangeClearPAD)
third_party/psyq/lib\libapi.a(pad.o)
                              src/main.o (InitPAD)
third_party/psyq/lib\libapi.a(patch.o)
                              third_party/psyq/lib\libapi.a(pad.o) (_patch_pad)
third_party/psyq/lib\libapi.a(a18.o)
                              third_party/psyq/lib\libapi.a(pad.o) (InitPAD2)
third_party/psyq/lib\libapi.a(a19.o)
                              third_party/psyq/lib\libapi.a(pad.o) (StartPAD2)
third_party/psyq/lib\libapi.a(a21.o)
                              third_party/psyq/lib\libapi.a(pad.o) (PAD_init2)
third_party/psyq/lib\libapi.a(a36.o)
                              third_party/psyq/lib\libapi.a(pad.o) (EnterCriticalSection)
third_party/psyq/lib\libapi.a(a37.o)
                              third_party/psyq/lib\libapi.a(pad.o) (ExitCriticalSection)
third_party/psyq/lib\libapi.a(c68.o)
                              third_party/psyq/lib\libapi.a(patch.o) (FlushCache)
third_party/psyq/lib\libapi.a(chclrpad.o)
                              third_party/psyq/lib\libapi.a(pad.o) (_remove_ChgclrPAD)
third_party/psyq/lib\libapi.a(l02.o)
                              third_party/psyq/lib\libapi.a(pad.o) (SysEnqIntRP)
third_party/psyq/lib\libapi.a(l03.o)
                              third_party/psyq/lib\libapi.a(pad.o) (SysDeqIntRP)
third_party/psyq/lib\libc.a(c27.o)
                              src/main.o (strlen)
third_party/psyq/lib\libc.a(c42.o)
                              src/main.o (memcpy)
third_party/psyq/lib\libc.a(c47.o)
                              src/main.o (rand)
third_party/psyq/lib\libc.a(sprintf.o)
                              src/main.o (sprintf)
third_party/psyq/lib\libc.a(c46.o)
                              third_party/psyq/lib\libc.a(sprintf.o) (memchr)
third_party/psyq/lib\libc.a(memmove.o)
                              third_party/psyq/lib\libc.a(sprintf.o) (memmove)
third_party/psyq/lib\libetc.a(vsync.o)
                              src/main.o (VSync)
third_party/psyq/lib\libetc.a(intr_vb.o)
                              third_party/psyq/lib\libetc.a(vsync.o) (Vcount)
third_party/psyq/lib\libetc.a(intr.o)
                              third_party/psyq/lib\libetc.a(intr_vb.o) (InterruptCallback)
third_party/psyq/lib\libetc.a(intr_dma.o)
                              third_party/psyq/lib\libetc.a(intr.o) (startIntrDMA)
third_party/psyq/lib\libgpu.a(e03.o)
                              src/main.o (SetDefDrawEnv)
third_party/psyq/lib\libgpu.a(e04.o)
                              src/main.o (SetDefDispEnv)
third_party/psyq/lib\libgpu.a(font.o)
                              src/main.o (FntFlush)
third_party/psyq/lib\libgpu.a(p06.o)
                              third_party/psyq/lib\libgpu.a(font.o) (AddPrim)
third_party/psyq/lib\libgpu.a(p09.o)
                              third_party/psyq/lib\libgpu.a(font.o) (TermPrim)
third_party/psyq/lib\libgpu.a(p10.o)
                              third_party/psyq/lib\libgpu.a(font.o) (SetSemiTrans)
third_party/psyq/lib\libgpu.a(p20.o)
                              third_party/psyq/lib\libgpu.a(font.o) (SetSprt8)
third_party/psyq/lib\libgpu.a(p26.o)
                              third_party/psyq/lib\libgpu.a(font.o) (SetTile)
third_party/psyq/lib\libgpu.a(p41.o)
                              third_party/psyq/lib\libgpu.a(font.o) (SetDrawMode)
third_party/psyq/lib\libgpu.a(sys.o)
                              src/main.o (LoadImage)
third_party/psyq/lib\libgpu.a(t00.o)
                              src/main.o (ReadTIM)
third_party/psyq/lib\libgpu.a(e00.o)
                              third_party/psyq/lib\libgpu.a(font.o) (LoadTPage)
third_party/psyq/lib\libgpu.a(e02.o)
                              third_party/psyq/lib\libgpu.a(font.o) (LoadClut2)
third_party/psyq/lib\libgpu.a(p00.o)
                              third_party/psyq/lib\libgpu.a(e00.o) (GetTPage)
third_party/psyq/lib\libgpu.a(p01.o)
                              third_party/psyq/lib\libgpu.a(e02.o) (GetClut)
third_party/psyq/lib\libgte.a(cor_02.o)
                              src/main.o (ccos)
third_party/psyq/lib\libgte.a(cor_03.o)
                              src/main.o (csin)
third_party/psyq/lib\libgte.a(cor_01.o)
                              third_party/psyq/lib\libgte.a(cor_02.o) (csincos)
third_party/psyq/lib\libapi.a(a23.o)
                              third_party/psyq/lib\libetc.a(intr.o) (ReturnFromException)
third_party/psyq/lib\libapi.a(a24.o)
                              third_party/psyq/lib\libetc.a(intr.o) (ResetEntryInt)
third_party/psyq/lib\libapi.a(a25.o)
                              third_party/psyq/lib\libetc.a(intr.o) (HookEntryInt)
third_party/psyq/lib\libapi.a(c114.o)
                              third_party/psyq/lib\libetc.a(intr.o) (_96_remove)
third_party/psyq/lib\libapi.a(c73.o)
                              third_party/psyq/lib\libgpu.a(sys.o) (GPU_cw)
third_party/psyq/lib\libapi.a(l10.o)
                              third_party/psyq/lib\libetc.a(vsync.o) (ChangeClearRCnt)
third_party/psyq/lib\libc.a(a63.o)
                              third_party/psyq/lib\libetc.a(vsync.o) (puts)
third_party/psyq/lib\libc.a(c19.o)
                              third_party/psyq/lib\libetc.a(intr.o) (setjmp)
third_party/psyq/lib\libc.a(c43.o)
                              third_party/psyq/lib\libgpu.a(font.o) (memset)
third_party/psyq/lib\libc.a(c63.o)
                              third_party/psyq/lib\libetc.a(intr.o) (printf)
third_party/psyq/lib\libetc.a(vmode.o)
                              third_party/psyq/lib\libgpu.a(e03.o) (GetVideoMode)

Discarded input sections

 .text          0x00000000        0x0 third_party/nugget/common/crt0/crt0.o
 .bss           0x00000000        0x0 third_party/nugget/common/crt0/crt0.o
 .MIPS.abiflags
                0x00000000       0x18 third_party/nugget/common/crt0/crt0.o
 .text          0x00000000        0x0 src/main.o
 .bss           0x00000000        0x0 src/main.o
 .reginfo       0x00000000       0x18 src/main.o
 .MIPS.abiflags
                0x00000000       0x18 src/main.o
 .pdr           0x00000000      0x1e0 src/main.o
 .text.checkCollision
                0x00000000       0x54 src/main.o
 .sbss.notImplementedTimer
                0x00000000        0x4 src/main.o
 .sbss.twoPMessageTimer
                0x00000000        0x4 src/main.o
 .text          0x00000000        0x0 assets/my_image.o
 .bss           0x00000000        0x0 assets/my_image.o
 .reginfo       0x00000000       0x18 assets/my_image.o
 .MIPS.abiflags
                0x00000000       0x18 assets/my_image.o

Memory Configuration

Name             Origin             Length             Attributes
loader           0x8000f800         0x00000800
ram              0x80010000         0x001f0000         xrw
dcache           0x1f800000         0x00000400
*default*        0x00000000         0xffffffff

Linker script and memory map

LOAD third_party/nugget/common/crt0/crt0.o
LOAD src/main.o
LOAD assets/my_image.o
START GROUP
LOAD third_party/psyq/lib\libapi.a
LOAD third_party/psyq/lib\libc.a
LOAD third_party/psyq/lib\libc2.a
LOAD third_party/psyq/lib\libcard.a
LOAD third_party/psyq/lib\libcd.a
LOAD third_party/psyq/lib\libcomb.a
LOAD third_party/psyq/lib\libds.a
LOAD third_party/psyq/lib\libetc.a
LOAD third_party/psyq/lib\libgpu.a
LOAD third_party/psyq/lib\libgs.a
LOAD third_party/psyq/lib\libgte.a
LOAD third_party/psyq/lib\libgun.a
LOAD third_party/psyq/lib\libhmd.a
LOAD third_party/psyq/lib\libmath.a
LOAD third_party/psyq/lib\libmcrd.a
LOAD third_party/psyq/lib\libmcx.a
LOAD third_party/psyq/lib\libpad.a
LOAD third_party/psyq/lib\libpress.a
LOAD third_party/psyq/lib\libsio.a
LOAD third_party/psyq/lib\libsnd.a
LOAD third_party/psyq/lib\libspu.a
LOAD third_party/psyq/lib\libtap.a
END GROUP
                0x80044e70                        __heap_base = __bss_end
                0x00200000                        RAM_SIZE = DEFINED (RAM_SIZE)?RAM_SIZE:0x200000
                0x80010000                        TLOAD_ADDR = DEFINED (TLOAD_ADDR)?TLOAD_ADDR:0x80010000
                0x80200000                        __ram_top = (ORIGIN (ram) + LENGTH (ram))
                0x801fff00                        __sp = (__ram_top - 0x100)
                0x1f800000                        __dcache = ORIGIN (dcache)
                0x1f800400                        __dcache_top = (ORIGIN (dcache) + LENGTH (dcache))
                0x00016670                        __bss_len = (__bss_end - __bss_start)
                0x00007bf0                        __ftext_len = (__ftext_end - __ftext_start)
                0x00016c10                        __fdata_len = (__fdata_end - __fdata_start)
                0x80200000                        __stack_start = (ORIGIN (ram) + LENGTH (ram))

.PSX_EXE_Header
                0x8000f800      0x800
                0x8000f800        0x1 BYTE 0x50
                0x8000f801        0x1 BYTE 0x53
                0x8000f802        0x1 BYTE 0x2d
                0x8000f803        0x1 BYTE 0x58
                0x8000f804        0x1 BYTE 0x20
                0x8000f805        0x1 BYTE 0x45
                0x8000f806        0x1 BYTE 0x58
                0x8000f807        0x1 BYTE 0x45
                0x8000f808        0x4 LONG 0x0
                0x8000f80c        0x4 LONG 0x0
                0x8000f810        0x4 LONG 0x80010000 ABSOLUTE (_start)
                0x8000f814        0x4 LONG 0x0
                0x8000f818        0x4 LONG 0x80010000 TLOAD_ADDR
                0x8000f81c        0x4 LONG 0x1e800 (__ftext_len + __fdata_len)
                0x8000f820        0x4 LONG 0x0
                0x8000f824        0x4 LONG 0x0
                0x8000f828        0x4 LONG 0x0
                0x8000f82c        0x4 LONG 0x0
                0x8000f830        0x4 LONG 0x801fff00 DEFINED (_sp)?ABSOLUTE (_sp):__sp
                0x8000f834        0x4 LONG 0x0
                0x80010000                        . = (. + 0x7c8)
 *fill*         0x8000f838      0x7c8 
                0x80010000                        __ftext_start = ABSOLUTE (.)

.text           0x80010000     0x7bf0
 *(.start)
 .start         0x80010000       0x64 third_party/nugget/common/crt0/crt0.o
                0x80010000                _start
 *(.init)
 *(SORT_NONE(.fini))
 *(.text.unlikely .text.*_unlikely .text.unlikely.*)
 *(.text.exit .text.exit.*)
 *(.text.startup .text.startup.*)
 .text.startup.main
                0x80010064      0x110 src/main.o
                0x80010064                main
 *(.text.hot .text.hot.*)
 *(.text .stub .text.* .gnu.linkonce.t.*)
 .text.display  0x80010174      0x16c src/main.o
                0x80010174                display
 .text.LoadTexture
                0x800102e0       0x7c src/main.o
                0x800102e0                LoadTexture
 .text.loadstuff
                0x8001035c       0xa8 src/main.o
                0x8001035c                loadstuff
 .text.init     0x80010404      0x248 src/main.o
                0x80010404                init
 .text.getMaxAsteroids
                0x8001064c       0x38 src/main.o
                0x8001064c                getMaxAsteroids
 .text.sortRotSprite
                0x80010684      0x2c0 src/main.o
                0x80010684                sortRotSprite
 .text.spawnAsteroid
                0x80010944      0x214 src/main.o
                0x80010944                spawnAsteroid
 .text.drawStars
                0x80010b58      0x118 src/main.o
                0x80010b58                drawStars
 .text.updateShrapnel
                0x80010c70      0x250 src/main.o
                0x80010c70                updateShrapnel
 .text.updateGame
                0x80010ec0      0xb70 src/main.o
                0x80010ec0                updateGame
 .text.centerPrint
                0x80011a30       0x84 src/main.o
                0x80011a30                centerPrint
 .text.updateTitleScreen
                0x80011ab4      0x228 src/main.o
                0x80011ab4                updateTitleScreen
 .text.updateGameOver
                0x80011cdc      0x108 src/main.o
                0x80011cdc                updateGameOver
 *fill*         0x80011de4        0x4 
 .text          0x80011de8       0x10 third_party/psyq/lib\libapi.a(a91.o)
                0x80011de8                ChangeClearPAD
 .text          0x80011df8      0x290 third_party/psyq/lib\libapi.a(pad.o)
                0x80011df8                SetInitPadFlag
                0x80011e04                ReadInitPadFlag
                0x80011e14                PAD_init
                0x80011ea4                InitPAD
                0x80011f34                StartPAD
 .text          0x80012088       0xa0 third_party/psyq/lib\libapi.a(patch.o)
                0x80012088                EnablePAD
                0x8001209c                DisablePAD
                0x800120b0                _patch_pad
 .text          0x80012128       0x10 third_party/psyq/lib\libapi.a(a18.o)
                0x80012128                InitPAD2
 .text          0x80012138       0x10 third_party/psyq/lib\libapi.a(a19.o)
                0x80012138                StartPAD2
 .text          0x80012148       0x10 third_party/psyq/lib\libapi.a(a21.o)
                0x80012148                PAD_init2
 .text          0x80012158       0x10 third_party/psyq/lib\libapi.a(a36.o)
                0x80012158                EnterCriticalSection
 .text          0x80012168       0x10 third_party/psyq/lib\libapi.a(a37.o)
                0x80012168                ExitCriticalSection
 .text          0x80012178       0x10 third_party/psyq/lib\libapi.a(c68.o)
                0x80012178                FlushCache
 .text          0x80012188       0x70 third_party/psyq/lib\libapi.a(chclrpad.o)
                0x80012188                _remove_ChgclrPAD
 .text          0x800121f8       0x10 third_party/psyq/lib\libapi.a(l02.o)
                0x800121f8                SysEnqIntRP
 .text          0x80012208       0x10 third_party/psyq/lib\libapi.a(l03.o)
                0x80012208                SysDeqIntRP
 .text          0x80012218       0x10 third_party/psyq/lib\libc.a(c27.o)
                0x80012218                strlen
 .text          0x80012228       0x10 third_party/psyq/lib\libc.a(c42.o)
                0x80012228                memcpy
 .text          0x80012238       0x10 third_party/psyq/lib\libc.a(c47.o)
                0x80012238                rand
 .text          0x80012248      0x890 third_party/psyq/lib\libc.a(sprintf.o)
                0x80012248                sprintf
 .text          0x80012ad8       0x10 third_party/psyq/lib\libc.a(c46.o)
                0x80012ad8                memchr
 .text          0x80012ae8       0x70 third_party/psyq/lib\libc.a(memmove.o)
                0x80012ae8                memmove
 .text          0x80012b58      0x210 third_party/psyq/lib\libetc.a(vsync.o)
                0x80012b58                VSync
 .text          0x80012d68      0x120 third_party/psyq/lib\libetc.a(intr_vb.o)
                0x80012d68                startIntrVSync
 .text          0x80012e88      0x6c0 third_party/psyq/lib\libetc.a(intr.o)
                0x80012e88                ResetCallback
                0x80012eb8                InterruptCallback
                0x80012ee8                DMACallback
                0x80012f18                VSyncCallback
                0x80012f4c                VSyncCallbacks
                0x80012f7c                StopCallback
                0x80012fac                RestartCallback
                0x80012fdc                CheckCallback
                0x80012fec                GetIntrMask
                0x80013004                SetIntrMask
 .text          0x80013548      0x2a0 third_party/psyq/lib\libetc.a(intr_dma.o)
                0x80013548                startIntrDMA
 .text          0x800137e8       0xc0 third_party/psyq/lib\libgpu.a(e03.o)
                0x800137e8                SetDefDrawEnv
 .text          0x800138a8       0x40 third_party/psyq/lib\libgpu.a(e04.o)
                0x800138a8                SetDefDispEnv
 .text          0x800138e8      0xa80 third_party/psyq/lib\libgpu.a(font.o)
                0x800138e8                SetDumpFnt
                0x80013928                FntLoad
                0x800139c8                FntOpen
                0x80013c84                FntFlush
                0x80013fa0                FntPrint
 .text          0x80014368       0x40 third_party/psyq/lib\libgpu.a(p06.o)
                0x80014368                AddPrim
 .text          0x800143a8       0x20 third_party/psyq/lib\libgpu.a(p09.o)
                0x800143a8                TermPrim
 .text          0x800143c8       0x30 third_party/psyq/lib\libgpu.a(p10.o)
                0x800143c8                SetSemiTrans
 .text          0x800143f8       0x20 third_party/psyq/lib\libgpu.a(p20.o)
                0x800143f8                SetSprt8
 .text          0x80014418       0x20 third_party/psyq/lib\libgpu.a(p26.o)
                0x80014418                SetTile
 .text          0x80014438       0xa0 third_party/psyq/lib\libgpu.a(p41.o)
                0x80014438                SetDrawMode
 .text          0x800144d8     0x2f00 third_party/psyq/lib\libgpu.a(sys.o)
                0x800144d8                ResetGraph
                0x8001464c                SetGraphDebug
                0x800146a8                SetGraphQueue
                0x8001474c                GetGraphDebug
                0x8001475c                DrawSyncCallback
                0x800147bc                SetDispMask
                0x80014854                DrawSync
                0x800149d8                ClearImage
                0x80014a68                ClearImage2
                0x80014b00                LoadImage
                0x80014b60                StoreImage
                0x80014bc0                MoveImage
                0x80014c78                ClearOTag
                0x80014d40                ClearOTagR
                0x80014dec                DrawPrim
                0x80014e48                DrawOTag
                0x80014eb8                PutDrawEnv
                0x80014f78                DrawOTagEnv
                0x80015050                GetDrawEnv
                0x80015084                PutDispEnv
                0x8001557c                GetDispEnv
                0x800155b0                GetODE
                0x800155e0                SetDrawArea
                0x80015660                SetDrawOffset
                0x800156a0                SetDrawEnv
                0x80016f70                LoadImage2
                0x8001705c                StoreImage2
                0x80017148                MoveImage2
                0x8001728c                DrawOTag2
                0x80017388                _GPU_ResetCallback
 .text          0x800173d8      0x190 third_party/psyq/lib\libgpu.a(t00.o)
                0x800173d8                OpenTIM
                0x800173e8                ReadTIM
 .text          0x80017568       0xf0 third_party/psyq/lib\libgpu.a(e00.o)
                0x80017568                LoadTPage
 .text          0x80017658       0x70 third_party/psyq/lib\libgpu.a(e02.o)
                0x80017658                LoadClut2
 .text          0x800176c8       0x40 third_party/psyq/lib\libgpu.a(p00.o)
                0x800176c8                GetTPage
 .text          0x80017708       0x20 third_party/psyq/lib\libgpu.a(p01.o)
                0x80017708                GetClut
 .text          0x80017728       0xd0 third_party/psyq/lib\libgte.a(cor_02.o)
                0x80017728                ccos
 .text          0x800177f8      0x1e0 third_party/psyq/lib\libgte.a(cor_03.o)
                0x800177f8                csin_1
                0x80017898                csin
 .text          0x800179d8      0x120 third_party/psyq/lib\libgte.a(cor_01.o)
                0x800179d8                csincos
 .text          0x80017af8       0x10 third_party/psyq/lib\libapi.a(a23.o)
                0x80017af8                ReturnFromException
 .text          0x80017b08       0x10 third_party/psyq/lib\libapi.a(a24.o)
                0x80017b08                ResetEntryInt
 .text          0x80017b18       0x10 third_party/psyq/lib\libapi.a(a25.o)
                0x80017b18                HookEntryInt
 .text          0x80017b28       0x20 third_party/psyq/lib\libapi.a(c114.o)
                0x80017b30                _96_remove
 .text          0x80017b48       0x10 third_party/psyq/lib\libapi.a(c73.o)
                0x80017b48                GPU_cw
 .text          0x80017b58       0x10 third_party/psyq/lib\libapi.a(l10.o)
                0x80017b58                ChangeClearRCnt
 .text          0x80017b68       0x20 third_party/psyq/lib\libc.a(a63.o)
                0x80017b70                puts
 .text          0x80017b88       0x10 third_party/psyq/lib\libc.a(c19.o)
                0x80017b88                setjmp
 .text          0x80017b98       0x10 third_party/psyq/lib\libc.a(c43.o)
                0x80017b98                memset
 .text          0x80017ba8       0x10 third_party/psyq/lib\libc.a(c63.o)
                0x80017ba8                printf
 .text          0x80017bb8       0x30 third_party/psyq/lib\libetc.a(vmode.o)
                0x80017bb8                SetVideoMode
                0x80017bcc                GetVideoMode
                0x80017bf0                        . = ALIGN (0x10)
 *fill*         0x80017be8        0x8 
 *(.init)
                0x80017bf0                        . = ALIGN (0x10)
 *(.fini)
                0x80017bf0                        . = ALIGN (0x10)
                0x80017bf0                        __text_end = .
                0x80017bf0                        __ftext_end = ABSOLUTE (.)
                0x80017bf0                        __fdata_start = ABSOLUTE (.)

.rodata         0x80017bf0      0x530
 *(.rodata .rodata.* .rdata .rdata.* .gnu.linkonce.r.*)
 .rodata        0x80017bf0       0x10 third_party/nugget/common/crt0/crt0.o
 .rodata.updateGame.str1.4
                0x80017c00       0xa0 src/main.o
                                  0xa (size before relaxing)
 .rodata.centerPrint.str1.4
                0x80017ca0        0x8 src/main.o
 .rodata.updateTitleScreen.str1.4
                0x80017ca0       0x67 src/main.o
 .rodata.updateGameOver.str1.4
                0x80017ca0       0x24 src/main.o
 .rdata         0x80017ca0       0xe0 third_party/psyq/lib\libc.a(sprintf.o)
 .rdata         0x80017d80       0x10 third_party/psyq/lib\libetc.a(vsync.o)
 .rdata         0x80017d90       0x70 third_party/psyq/lib\libetc.a(intr.o)
 .rdata         0x80017e00       0x30 third_party/psyq/lib\libetc.a(intr_dma.o)
 .rdata         0x80017e30       0xa0 third_party/psyq/lib\libgpu.a(font.o)
 .rdata         0x80017ed0      0x220 third_party/psyq/lib\libgpu.a(sys.o)
 .rdata         0x800180f0       0x30 third_party/psyq/lib\libgpu.a(t00.o)
                0x80018120                        . = ALIGN (0x10)
                0x80018120                        __preinit_array_start = .
 *(.preinit_array)
                0x80018120                        __preinit_array_end = .
                0x80018120                        . = ALIGN (0x10)
                0x80018120                        __init_array_start = .
 *(SORT_BY_NAME(.init_array.*))
 *(.init_array)
                0x80018120                        . = ALIGN (0x10)
 *crtbegin.o(.ctors)
 *(EXCLUDE_FILE(*crtend.o) .ctors)
 *(SORT_BY_NAME(.ctors.*))
 *crtend.o(.ctors)
                0x80018120                        __init_array_end = .
                0x80018120                        . = ALIGN (0x10)
                0x80018120                        __fini_array_start = .
 *(.fini_array)
 *(SORT_BY_NAME(.fini_array.*))
 *crtbegin.o(.dtors)
 *(EXCLUDE_FILE(*crtend.o) .dtors)
 *(SORT_BY_NAME(.dtors.*))
 *crtend.o(.dtors)
                0x80018120                        __fini_array_end = .
                0x80018120                        __build_id = .
 *(.note.gnu.build-id)
                0x80018120                        __build_id_end = .

.rel.dyn        0x80018120        0x0
 .rel.dyn       0x80018120        0x0 third_party/psyq/lib\libgpu.a(sys.o)

.rodata1
 *(.rodata1)
                0x80018120                        __data_start = .

.data           0x80018120    0x166e0
 *(.data .data.* .gnu.linkonce.d.*)
 .data          0x80018120        0x0 third_party/nugget/common/crt0/crt0.o
 .data          0x80018120        0x0 src/main.o
 .data.player_tri
                0x80018120       0x18 src/main.o
                0x80018120                player_tri
 .data          0x80018138    0x14040 assets/my_image.o
                0x80018138                tim_my_image
                0x80019358                tim_background
 .data          0x8002c178       0x10 third_party/psyq/lib\libapi.a(pad.o)
 .data          0x8002c188       0x10 third_party/psyq/lib\libc.a(sprintf.o)
 .data          0x8002c198       0x20 third_party/psyq/lib\libetc.a(vsync.o)
                0x8002c1a8                Hcount
 .data          0x8002c1b8       0x30 third_party/psyq/lib\libetc.a(intr_vb.o)
                0x8002c1d8                Vcount
 .data          0x8002c1e8     0x1100 third_party/psyq/lib\libetc.a(intr.o)
 .data          0x8002d2e8       0x30 third_party/psyq/lib\libetc.a(intr_dma.o)
 .data          0x8002d318      0xb90 third_party/psyq/lib\libgpu.a(font.o)
                0x8002d318                Font
 .data          0x8002dea8      0x1a0 third_party/psyq/lib\libgpu.a(sys.o)
                0x8002def4                GPU_printf
                0x8002def8                GEnv
                0x8002e020                _qin
                0x8002e024                _qout
 .data          0x8002e048       0x20 third_party/psyq/lib\libgte.a(cor_01.o)
                0x8002e048                H_cor_tbl
 .data          0x8002e068       0x10 third_party/psyq/lib\libetc.a(vmode.o)
 *(.data1)
 *(.sdata .sdata.* .gnu.linkonce.s.*)
 .sdata.titleDelay
                0x8002e078        0x4 src/main.o
                0x8002e078                titleDelay
 .sdata.twoPMessageFade
                0x8002e07c        0x4 src/main.o
                0x8002e07c                twoPMessageFade
 *(.sdata2 .sdata2.* .gnu.linkonce.s2.*)
 *(.got.plt)
 *(.got)
                0x8002e800                        . = ALIGN (0x800)
 *fill*         0x8002e080      0x780 50414444
                0x8002e800                        __data_end = .
                0x8002e800                        __fdata_end = .
                0x8002e800                        __bss_start = .

.sbss           0x8002e800    0x16670
 *(.dynsbss)
 *(.sbss .sbss.* .gnu.linkonce.sb.*)
 .sbss.gameState
                0x8002e800        0x4 src/main.o
                0x8002e800                gameState
 .sbss.vel_y    0x8002e804        0x4 src/main.o
                0x8002e804                vel_y
 .sbss.vel_x    0x8002e808        0x4 src/main.o
                0x8002e808                vel_x
 .sbss.angle    0x8002e80c        0x4 src/main.o
                0x8002e80c                angle
 .sbss.pos_y    0x8002e810        0x4 src/main.o
                0x8002e810                pos_y
 .sbss.pos_x    0x8002e814        0x4 src/main.o
                0x8002e814                pos_x
 .sbss.shake_magnitude
                0x8002e818        0x4 src/main.o
                0x8002e818                shake_magnitude
 .sbss.shake_timer
                0x8002e81c        0x4 src/main.o
                0x8002e81c                shake_timer
 .sbss.tim_voffs
                0x8002e820        0x4 src/main.o
                0x8002e820                tim_voffs
 .sbss.tim_uoffs
                0x8002e824        0x4 src/main.o
                0x8002e824                tim_uoffs
 .sbss.tim_crect
                0x8002e828        0x8 src/main.o
                0x8002e828                tim_crect
 .sbss.tim_prect
                0x8002e830        0x8 src/main.o
                0x8002e830                tim_prect
 .sbss.tim_mode
                0x8002e838        0x4 src/main.o
                0x8002e838                tim_mode
 .sbss.nextpri  0x8002e83c        0x4 src/main.o
                0x8002e83c                nextpri
 .sbss.db       0x8002e840        0x4 src/main.o
                0x8002e840                db
 .sbss.score    0x8002e844        0x4 src/main.o
                0x8002e844                score
 .sbss.alive    0x8002e848        0x4 src/main.o
                0x8002e848                alive
 .sbss.selectedOption
                0x8002e84c        0x4 src/main.o
                0x8002e84c                selectedOption
 *(.scommon)
 *(.dynbss)
 *(.bss .bss.* .gnu.linkonce.b.*)
 .bss.prev_buttons.0
                0x8002e850        0x4 src/main.o
 .bss.spawn_timer.1
                0x8002e854        0x4 src/main.o
 .bss.padbuff   0x8002e858       0x44 src/main.o
                0x8002e858                padbuff
 .bss.stars     0x8002e89c      0x400 src/main.o
                0x8002e89c                stars
 .bss.pribuff   0x8002ec9c    0x10000 src/main.o
                0x8002ec9c                pribuff
 .bss.ot        0x8003ec9c       0x40 src/main.o
                0x8003ec9c                ot
 .bss.draw      0x8003ecdc       0xb8 src/main.o
                0x8003ecdc                draw
 .bss.disp      0x8003ed94       0x28 src/main.o
                0x8003ed94                disp
 .bss.bullets   0x8003edbc       0x14 src/main.o
                0x8003edbc                bullets
 .bss.asteroids
                0x8003edd0      0x100 src/main.o
                0x8003edd0                asteroids
 .bss.explosions
                0x8003eed0      0x100 src/main.o
                0x8003eed0                explosions
 .bss.shrapnelPieces
                0x8003efd0      0x200 src/main.o
                0x8003efd0                shrapnelPieces
 .bss           0x8003f1d0       0x10 third_party/psyq/lib\libapi.a(pad.o)
                0x8003f1d0                _apiPadPatch
 .bss           0x8003f1e0       0x10 third_party/psyq/lib\libapi.a(patch.o)
 .bss           0x8003f1f0       0x10 third_party/psyq/lib\libapi.a(chclrpad.o)
 .bss           0x8003f200     0x4410 third_party/psyq/lib\libgpu.a(font.o)
 .bss           0x80043610     0x1850 third_party/psyq/lib\libgpu.a(sys.o)
                0x80043660                _que
 .bss           0x80044e60       0x10 third_party/psyq/lib\libgpu.a(t00.o)
 *(COMMON)
                0x80044e70                        . = ALIGN (0x4)
                0x80044e70                        __bss_end = .
                0x80044e70                        __heap_start = __heap_base
                0x8000f800                        . = (ADDR (.text) - 0x800)
                0x8000f800                        __end = .

/DISCARD/
 *(.MIPS.abiflags)

/DISCARD/
 *(.rel.iplt)
 *(.rela.iplt)
 *(.rel.plt)
 *(.rela.plt)
 *(.plt)
 *(.iplt)

/DISCARD/
 *(.note.GNU-stack)
 *(.gnu_debuglink)
 *(.gnu.lto_*)

.scratchpad
 *(.scratchpad)
OUTPUT(MAIN.elf elf32-littlemips)

.reginfo        0x00000000       0x18
 .reginfo       0x00000000       0x18 third_party/nugget/common/crt0/crt0.o

.pdr            0x00000000        0x0
 .pdr           0x00000000        0x0 third_party/nugget/common/crt0/crt0.o
 .pdr           0x00000000        0x0 assets/my_image.o

.gnu.attributes
                0x00000000       0x10
 .gnu.attributes
                0x00000000       0x10 third_party/nugget/common/crt0/crt0.o
 .gnu.attributes
                0x00000010       0x10 src/main.o
 .gnu.attributes
                0x00000020       0x10 assets/my_image.o

.mdebug.abi32   0x00000000        0x0
 .mdebug.abi32  0x00000000        0x0 src/main.o

.comment        0x00000000       0x12
 .comment       0x00000000       0x12 src/main.o
                                 0x13 (size before relaxing)

.note           0x00000000     0x171c
 .note          0x00000000       0x74 third_party/psyq/lib\libapi.a(a91.o)
 .note          0x00000074       0x74 third_party/psyq/lib\libapi.a(pad.o)
 .note          0x000000e8       0x74 third_party/psyq/lib\libapi.a(patch.o)
 .note          0x0000015c       0x74 third_party/psyq/lib\libapi.a(a18.o)
 .note          0x000001d0       0x74 third_party/psyq/lib\libapi.a(a19.o)
 .note          0x00000244       0x74 third_party/psyq/lib\libapi.a(a21.o)
 .note          0x000002b8       0x74 third_party/psyq/lib\libapi.a(a36.o)
 .note          0x0000032c       0x74 third_party/psyq/lib\libapi.a(a37.o)
 .note          0x000003a0       0x74 third_party/psyq/lib\libapi.a(c68.o)
 .note          0x00000414       0x74 third_party/psyq/lib\libapi.a(chclrpad.o)
 .note          0x00000488       0x74 third_party/psyq/lib\libapi.a(l02.o)
 .note          0x000004fc       0x74 third_party/psyq/lib\libapi.a(l03.o)
 .note          0x00000570       0x74 third_party/psyq/lib\libc.a(c27.o)
 .note          0x000005e4       0x74 third_party/psyq/lib\libc.a(c42.o)
 .note          0x00000658       0x74 third_party/psyq/lib\libc.a(c47.o)
 .note          0x000006cc       0x74 third_party/psyq/lib\libc.a(sprintf.o)
 .note          0x00000740       0x74 third_party/psyq/lib\libc.a(c46.o)
 .note          0x000007b4       0x74 third_party/psyq/lib\libc.a(memmove.o)
 .note          0x00000828       0x74 third_party/psyq/lib\libetc.a(vsync.o)
 .note          0x0000089c       0x74 third_party/psyq/lib\libetc.a(intr_vb.o)
 .note          0x00000910       0x74 third_party/psyq/lib\libetc.a(intr.o)
 .note          0x00000984       0x74 third_party/psyq/lib\libetc.a(intr_dma.o)
 .note          0x000009f8       0x74 third_party/psyq/lib\libgpu.a(e03.o)
 .note          0x00000a6c       0x74 third_party/psyq/lib\libgpu.a(e04.o)
 .note          0x00000ae0       0x74 third_party/psyq/lib\libgpu.a(font.o)
 .note          0x00000b54       0x74 third_party/psyq/lib\libgpu.a(p06.o)
 .note          0x00000bc8       0x74 third_party/psyq/lib\libgpu.a(p09.o)
 .note          0x00000c3c       0x74 third_party/psyq/lib\libgpu.a(p10.o)
 .note          0x00000cb0       0x74 third_party/psyq/lib\libgpu.a(p20.o)
 .note          0x00000d24       0x74 third_party/psyq/lib\libgpu.a(p26.o)
 .note          0x00000d98       0x74 third_party/psyq/lib\libgpu.a(p41.o)
 .note          0x00000e0c       0x74 third_party/psyq/lib\libgpu.a(sys.o)
 .note          0x00000e80       0x74 third_party/psyq/lib\libgpu.a(t00.o)
 .note          0x00000ef4       0x74 third_party/psyq/lib\libgpu.a(e00.o)
 .note          0x00000f68       0x74 third_party/psyq/lib\libgpu.a(e02.o)
 .note          0x00000fdc       0x74 third_party/psyq/lib\libgpu.a(p00.o)
 .note          0x00001050       0x74 third_party/psyq/lib\libgpu.a(p01.o)
 .note          0x000010c4       0x74 third_party/psyq/lib\libgte.a(cor_02.o)
 .note          0x00001138       0x74 third_party/psyq/lib\libgte.a(cor_03.o)
 .note          0x000011ac       0x74 third_party/psyq/lib\libgte.a(cor_01.o)
 .note          0x00001220       0x74 third_party/psyq/lib\libapi.a(a23.o)
 .note          0x00001294       0x74 third_party/psyq/lib\libapi.a(a24.o)
 .note          0x00001308       0x74 third_party/psyq/lib\libapi.a(a25.o)
 .note          0x0000137c       0x74 third_party/psyq/lib\libapi.a(c114.o)
 .note          0x000013f0       0x74 third_party/psyq/lib\libapi.a(c73.o)
 .note          0x00001464       0x74 third_party/psyq/lib\libapi.a(l10.o)
 .note          0x000014d8       0x74 third_party/psyq/lib\libc.a(a63.o)
 .note          0x0000154c       0x74 third_party/psyq/lib\libc.a(c19.o)
 .note          0x000015c0       0x74 third_party/psyq/lib\libc.a(c43.o)
 .note          0x00001634       0x74 third_party/psyq/lib\libc.a(c63.o)
 .note          0x000016a8       0x74 third_party/psyq/lib\libetc.a(vmode.o)

.debug_line     0x00000000     0x1618
 .debug_line    0x00000000       0x5b third_party/nugget/common/crt0/crt0.o
 .debug_line    0x0000005b     0x15bd src/main.o

.debug_line_str
                0x00000000       0x43
 .debug_line_str
                0x00000000       0x43 third_party/nugget/common/crt0/crt0.o

.debug_info     0x00000000     0x2034
 .debug_info    0x00000000       0x24 third_party/nugget/common/crt0/crt0.o
 .debug_info    0x00000024     0x2010 src/main.o

.debug_abbrev   0x00000000      0x4f2
 .debug_abbrev  0x00000000       0x14 third_party/nugget/common/crt0/crt0.o
 .debug_abbrev  0x00000014      0x4de src/main.o

.debug_aranges  0x00000000       0xb0
 .debug_aranges
                0x00000000       0x20 third_party/nugget/common/crt0/crt0.o
 .debug_aranges
                0x00000020       0x90 src/main.o

.debug_str      0x00000000      0x6bd
 .debug_str     0x00000000      0x6bd third_party/nugget/common/crt0/crt0.o
                                 0x4f (size before relaxing)
 .debug_str     0x000006bd      0x6f9 src/main.o

.debug_loclists
                0x00000000      0x9a3
 .debug_loclists
                0x00000000      0x9a3 src/main.o

.debug_rnglists
                0x00000000      0x174
 .debug_rnglists
                0x00000000      0x174 src/main.o

.debug_frame    0x00000000      0x25c
 .debug_frame   0x00000000      0x25c src/main.o
