Archive member included to satisfy reference by file (symbol)

third_party/psyq/lib\libapi.a(a91.o)
                              main.o (ChangeClearPAD)
third_party/psyq/lib\libapi.a(pad.o)
                              main.o (InitPAD)
third_party/psyq/lib\libapi.a(patch.o)
                              third_party/psyq/lib\libapi.a(pad.o) (_patch_pad)
third_party/psyq/lib\libapi.a(a18.o)
                              third_party/psyq/lib\libapi.a(pad.o) (InitPAD2)
third_party/psyq/lib\libapi.a(a19.o)
                              third_party/psyq/lib\libapi.a(pad.o) (StartPAD2)
third_party/psyq/lib\libapi.a(a21.o)
                              third_party/psyq/lib\libapi.a(pad.o) (PAD_init2)
third_party/psyq/lib\libapi.a(a36.o)
                              third_party/psyq/lib\libapi.a(pad.o) (EnterCriticalSection)
third_party/psyq/lib\libapi.a(a37.o)
                              third_party/psyq/lib\libapi.a(pad.o) (ExitCriticalSection)
third_party/psyq/lib\libapi.a(c68.o)
                              third_party/psyq/lib\libapi.a(patch.o) (FlushCache)
third_party/psyq/lib\libapi.a(chclrpad.o)
                              third_party/psyq/lib\libapi.a(pad.o) (_remove_ChgclrPAD)
third_party/psyq/lib\libapi.a(l02.o)
                              third_party/psyq/lib\libapi.a(pad.o) (SysEnqIntRP)
third_party/psyq/lib\libapi.a(l03.o)
                              third_party/psyq/lib\libapi.a(pad.o) (SysDeqIntRP)
third_party/psyq/lib\libc.a(c42.o)
                              main.o (memcpy)
third_party/psyq/lib\libc.a(c47.o)
                              main.o (rand)
third_party/psyq/lib\libetc.a(vsync.o)
                              main.o (VSync)
third_party/psyq/lib\libetc.a(intr_vb.o)
                              third_party/psyq/lib\libetc.a(vsync.o) (Vcount)
third_party/psyq/lib\libetc.a(intr.o)
                              third_party/psyq/lib\libetc.a(intr_vb.o) (InterruptCallback)
third_party/psyq/lib\libetc.a(intr_dma.o)
                              third_party/psyq/lib\libetc.a(intr.o) (startIntrDMA)
third_party/psyq/lib\libgpu.a(e03.o)
                              main.o (SetDefDrawEnv)
third_party/psyq/lib\libgpu.a(e04.o)
                              main.o (SetDefDispEnv)
third_party/psyq/lib\libgpu.a(font.o)
                              main.o (FntFlush)
third_party/psyq/lib\libgpu.a(p06.o)
                              third_party/psyq/lib\libgpu.a(font.o) (AddPrim)
third_party/psyq/lib\libgpu.a(p09.o)
                              third_party/psyq/lib\libgpu.a(font.o) (TermPrim)
third_party/psyq/lib\libgpu.a(p10.o)
                              third_party/psyq/lib\libgpu.a(font.o) (SetSemiTrans)
third_party/psyq/lib\libgpu.a(p20.o)
                              third_party/psyq/lib\libgpu.a(font.o) (SetSprt8)
third_party/psyq/lib\libgpu.a(p26.o)
                              third_party/psyq/lib\libgpu.a(font.o) (SetTile)
third_party/psyq/lib\libgpu.a(p41.o)
                              third_party/psyq/lib\libgpu.a(font.o) (SetDrawMode)
third_party/psyq/lib\libgpu.a(sys.o)
                              main.o (LoadImage)
third_party/psyq/lib\libgpu.a(t00.o)
                              main.o (ReadTIM)
third_party/psyq/lib\libgpu.a(e00.o)
                              third_party/psyq/lib\libgpu.a(font.o) (LoadTPage)
third_party/psyq/lib\libgpu.a(e02.o)
                              third_party/psyq/lib\libgpu.a(font.o) (LoadClut2)
third_party/psyq/lib\libgpu.a(p00.o)
                              third_party/psyq/lib\libgpu.a(e00.o) (GetTPage)
third_party/psyq/lib\libgpu.a(p01.o)
                              third_party/psyq/lib\libgpu.a(e02.o) (GetClut)
third_party/psyq/lib\libgte.a(cor_02.o)
                              main.o (ccos)
third_party/psyq/lib\libgte.a(cor_03.o)
                              main.o (csin)
third_party/psyq/lib\libgte.a(cor_01.o)
                              third_party/psyq/lib\libgte.a(cor_02.o) (csincos)
third_party/psyq/lib\libapi.a(a23.o)
                              third_party/psyq/lib\libetc.a(intr.o) (ReturnFromException)
third_party/psyq/lib\libapi.a(a24.o)
                              third_party/psyq/lib\libetc.a(intr.o) (ResetEntryInt)
third_party/psyq/lib\libapi.a(a25.o)
                              third_party/psyq/lib\libetc.a(intr.o) (HookEntryInt)
third_party/psyq/lib\libapi.a(c114.o)
                              third_party/psyq/lib\libetc.a(intr.o) (_96_remove)
third_party/psyq/lib\libapi.a(c73.o)
                              third_party/psyq/lib\libgpu.a(sys.o) (GPU_cw)
third_party/psyq/lib\libapi.a(l10.o)
                              third_party/psyq/lib\libetc.a(vsync.o) (ChangeClearRCnt)
third_party/psyq/lib\libc.a(a63.o)
                              third_party/psyq/lib\libetc.a(vsync.o) (puts)
third_party/psyq/lib\libc.a(c19.o)
                              third_party/psyq/lib\libetc.a(intr.o) (setjmp)
third_party/psyq/lib\libc.a(c27.o)
                              third_party/psyq/lib\libgpu.a(font.o) (strlen)
third_party/psyq/lib\libc.a(c43.o)
                              third_party/psyq/lib\libgpu.a(font.o) (memset)
third_party/psyq/lib\libc.a(c63.o)
                              third_party/psyq/lib\libetc.a(intr.o) (printf)
third_party/psyq/lib\libetc.a(vmode.o)
                              third_party/psyq/lib\libgpu.a(e03.o) (GetVideoMode)

Discarded input sections

 .text          0x00000000        0x0 third_party/nugget/common/crt0/crt0.o
 .bss           0x00000000        0x0 third_party/nugget/common/crt0/crt0.o
 .MIPS.abiflags
                0x00000000       0x18 third_party/nugget/common/crt0/crt0.o
 .text          0x00000000        0x0 main.o
 .bss           0x00000000        0x0 main.o
 .reginfo       0x00000000       0x18 main.o
 .MIPS.abiflags
                0x00000000       0x18 main.o
 .pdr           0x00000000      0x100 main.o
 .text.checkCollision
                0x00000000       0x54 main.o
 .text          0x00000000        0x0 my_image.o
 .bss           0x00000000        0x0 my_image.o
 .reginfo       0x00000000       0x18 my_image.o
 .MIPS.abiflags
                0x00000000       0x18 my_image.o
 .text          0x00000000        0x0 ak-fnt.o
 .bss           0x00000000        0x0 ak-fnt.o
 .reginfo       0x00000000       0x18 ak-fnt.o
 .MIPS.abiflags
                0x00000000       0x18 ak-fnt.o

Memory Configuration

Name             Origin             Length             Attributes
loader           0x8000f800         0x00000800
ram              0x80010000         0x001f0000         xrw
dcache           0x1f800000         0x00000400
*default*        0x00000000         0xffffffff

Linker script and memory map

LOAD third_party/nugget/common/crt0/crt0.o
LOAD main.o
LOAD my_image.o
LOAD ak-fnt.o
START GROUP
LOAD third_party/psyq/lib\libapi.a
LOAD third_party/psyq/lib\libc.a
LOAD third_party/psyq/lib\libc2.a
LOAD third_party/psyq/lib\libcard.a
LOAD third_party/psyq/lib\libcd.a
LOAD third_party/psyq/lib\libcomb.a
LOAD third_party/psyq/lib\libds.a
LOAD third_party/psyq/lib\libetc.a
LOAD third_party/psyq/lib\libgpu.a
LOAD third_party/psyq/lib\libgs.a
LOAD third_party/psyq/lib\libgte.a
LOAD third_party/psyq/lib\libgun.a
LOAD third_party/psyq/lib\libhmd.a
LOAD third_party/psyq/lib\libmath.a
LOAD third_party/psyq/lib\libmcrd.a
LOAD third_party/psyq/lib\libmcx.a
LOAD third_party/psyq/lib\libpad.a
LOAD third_party/psyq/lib\libpress.a
LOAD third_party/psyq/lib\libsio.a
LOAD third_party/psyq/lib\libsnd.a
LOAD third_party/psyq/lib\libspu.a
LOAD third_party/psyq/lib\libtap.a
END GROUP
                0x80030850                        __heap_base = __bss_end
                0x00200000                        RAM_SIZE = DEFINED (RAM_SIZE)?RAM_SIZE:0x200000
                0x80010000                        TLOAD_ADDR = DEFINED (TLOAD_ADDR)?TLOAD_ADDR:0x80010000
                0x80200000                        __ram_top = (ORIGIN (ram) + LENGTH (ram))
                0x801fff00                        __sp = (__ram_top - 0x100)
                0x1f800000                        __dcache = ORIGIN (dcache)
                0x1f800400                        __dcache_top = (ORIGIN (dcache) + LENGTH (dcache))
                0x00016050                        __bss_len = (__bss_end - __bss_start)
                0x00006790                        __ftext_len = (__ftext_end - __ftext_start)
                0x00004070                        __fdata_len = (__fdata_end - __fdata_start)
                0x80200000                        __stack_start = (ORIGIN (ram) + LENGTH (ram))

.PSX_EXE_Header
                0x8000f800      0x800
                0x8000f800        0x1 BYTE 0x50
                0x8000f801        0x1 BYTE 0x53
                0x8000f802        0x1 BYTE 0x2d
                0x8000f803        0x1 BYTE 0x58
                0x8000f804        0x1 BYTE 0x20
                0x8000f805        0x1 BYTE 0x45
                0x8000f806        0x1 BYTE 0x58
                0x8000f807        0x1 BYTE 0x45
                0x8000f808        0x4 LONG 0x0
                0x8000f80c        0x4 LONG 0x0
                0x8000f810        0x4 LONG 0x80010000 ABSOLUTE (_start)
                0x8000f814        0x4 LONG 0x0
                0x8000f818        0x4 LONG 0x80010000 TLOAD_ADDR
                0x8000f81c        0x4 LONG 0xa800 (__ftext_len + __fdata_len)
                0x8000f820        0x4 LONG 0x0
                0x8000f824        0x4 LONG 0x0
                0x8000f828        0x4 LONG 0x0
                0x8000f82c        0x4 LONG 0x0
                0x8000f830        0x4 LONG 0x801fff00 DEFINED (_sp)?ABSOLUTE (_sp):__sp
                0x8000f834        0x4 LONG 0x0
                0x80010000                        . = (. + 0x7c8)
 *fill*         0x8000f838      0x7c8 
                0x80010000                        __ftext_start = ABSOLUTE (.)

.text           0x80010000     0x6790
 *(.start)
 .start         0x80010000       0x64 third_party/nugget/common/crt0/crt0.o
                0x80010000                _start
 *(.init)
 *(SORT_NONE(.fini))
 *(.text.unlikely .text.*_unlikely .text.unlikely.*)
 *(.text.exit .text.exit.*)
 *(.text.startup .text.startup.*)
 .text.startup.main
                0x80010064      0x934 main.o
                0x80010064                main
 *(.text.hot .text.hot.*)
 *(.text .stub .text.* .gnu.linkonce.t.*)
 .text.display  0x80010998      0x16c main.o
                0x80010998                display
 .text.LoadTexture
                0x80010b04       0x7c main.o
                0x80010b04                LoadTexture
 .text.loadstuff
                0x80010b80       0xa8 main.o
                0x80010b80                loadstuff
 .text.init     0x80010c28      0x198 main.o
                0x80010c28                init
 .text.sortRotSprite
                0x80010dc0      0x2c0 main.o
                0x80010dc0                sortRotSprite
 .text.spawnAsteroid
                0x80011080      0x214 main.o
                0x80011080                spawnAsteroid
 *fill*         0x80011294        0x4 
 .text          0x80011298       0x10 third_party/psyq/lib\libapi.a(a91.o)
                0x80011298                ChangeClearPAD
 .text          0x800112a8      0x290 third_party/psyq/lib\libapi.a(pad.o)
                0x800112a8                SetInitPadFlag
                0x800112b4                ReadInitPadFlag
                0x800112c4                PAD_init
                0x80011354                InitPAD
                0x800113e4                StartPAD
 .text          0x80011538       0xa0 third_party/psyq/lib\libapi.a(patch.o)
                0x80011538                EnablePAD
                0x8001154c                DisablePAD
                0x80011560                _patch_pad
 .text          0x800115d8       0x10 third_party/psyq/lib\libapi.a(a18.o)
                0x800115d8                InitPAD2
 .text          0x800115e8       0x10 third_party/psyq/lib\libapi.a(a19.o)
                0x800115e8                StartPAD2
 .text          0x800115f8       0x10 third_party/psyq/lib\libapi.a(a21.o)
                0x800115f8                PAD_init2
 .text          0x80011608       0x10 third_party/psyq/lib\libapi.a(a36.o)
                0x80011608                EnterCriticalSection
 .text          0x80011618       0x10 third_party/psyq/lib\libapi.a(a37.o)
                0x80011618                ExitCriticalSection
 .text          0x80011628       0x10 third_party/psyq/lib\libapi.a(c68.o)
                0x80011628                FlushCache
 .text          0x80011638       0x70 third_party/psyq/lib\libapi.a(chclrpad.o)
                0x80011638                _remove_ChgclrPAD
 .text          0x800116a8       0x10 third_party/psyq/lib\libapi.a(l02.o)
                0x800116a8                SysEnqIntRP
 .text          0x800116b8       0x10 third_party/psyq/lib\libapi.a(l03.o)
                0x800116b8                SysDeqIntRP
 .text          0x800116c8       0x10 third_party/psyq/lib\libc.a(c42.o)
                0x800116c8                memcpy
 .text          0x800116d8       0x10 third_party/psyq/lib\libc.a(c47.o)
                0x800116d8                rand
 .text          0x800116e8      0x210 third_party/psyq/lib\libetc.a(vsync.o)
                0x800116e8                VSync
 .text          0x800118f8      0x120 third_party/psyq/lib\libetc.a(intr_vb.o)
                0x800118f8                startIntrVSync
 .text          0x80011a18      0x6c0 third_party/psyq/lib\libetc.a(intr.o)
                0x80011a18                ResetCallback
                0x80011a48                InterruptCallback
                0x80011a78                DMACallback
                0x80011aa8                VSyncCallback
                0x80011adc                VSyncCallbacks
                0x80011b0c                StopCallback
                0x80011b3c                RestartCallback
                0x80011b6c                CheckCallback
                0x80011b7c                GetIntrMask
                0x80011b94                SetIntrMask
 .text          0x800120d8      0x2a0 third_party/psyq/lib\libetc.a(intr_dma.o)
                0x800120d8                startIntrDMA
 .text          0x80012378       0xc0 third_party/psyq/lib\libgpu.a(e03.o)
                0x80012378                SetDefDrawEnv
 .text          0x80012438       0x40 third_party/psyq/lib\libgpu.a(e04.o)
                0x80012438                SetDefDispEnv
 .text          0x80012478      0xa80 third_party/psyq/lib\libgpu.a(font.o)
                0x80012478                SetDumpFnt
                0x800124b8                FntLoad
                0x80012558                FntOpen
                0x80012814                FntFlush
                0x80012b30                FntPrint
 .text          0x80012ef8       0x40 third_party/psyq/lib\libgpu.a(p06.o)
                0x80012ef8                AddPrim
 .text          0x80012f38       0x20 third_party/psyq/lib\libgpu.a(p09.o)
                0x80012f38                TermPrim
 .text          0x80012f58       0x30 third_party/psyq/lib\libgpu.a(p10.o)
                0x80012f58                SetSemiTrans
 .text          0x80012f88       0x20 third_party/psyq/lib\libgpu.a(p20.o)
                0x80012f88                SetSprt8
 .text          0x80012fa8       0x20 third_party/psyq/lib\libgpu.a(p26.o)
                0x80012fa8                SetTile
 .text          0x80012fc8       0xa0 third_party/psyq/lib\libgpu.a(p41.o)
                0x80012fc8                SetDrawMode
 .text          0x80013068     0x2f00 third_party/psyq/lib\libgpu.a(sys.o)
                0x80013068                ResetGraph
                0x800131dc                SetGraphDebug
                0x80013238                SetGraphQueue
                0x800132dc                GetGraphDebug
                0x800132ec                DrawSyncCallback
                0x8001334c                SetDispMask
                0x800133e4                DrawSync
                0x80013568                ClearImage
                0x800135f8                ClearImage2
                0x80013690                LoadImage
                0x800136f0                StoreImage
                0x80013750                MoveImage
                0x80013808                ClearOTag
                0x800138d0                ClearOTagR
                0x8001397c                DrawPrim
                0x800139d8                DrawOTag
                0x80013a48                PutDrawEnv
                0x80013b08                DrawOTagEnv
                0x80013be0                GetDrawEnv
                0x80013c14                PutDispEnv
                0x8001410c                GetDispEnv
                0x80014140                GetODE
                0x80014170                SetDrawArea
                0x800141f0                SetDrawOffset
                0x80014230                SetDrawEnv
                0x80015b00                LoadImage2
                0x80015bec                StoreImage2
                0x80015cd8                MoveImage2
                0x80015e1c                DrawOTag2
                0x80015f18                _GPU_ResetCallback
 .text          0x80015f68      0x190 third_party/psyq/lib\libgpu.a(t00.o)
                0x80015f68                OpenTIM
                0x80015f78                ReadTIM
 .text          0x800160f8       0xf0 third_party/psyq/lib\libgpu.a(e00.o)
                0x800160f8                LoadTPage
 .text          0x800161e8       0x70 third_party/psyq/lib\libgpu.a(e02.o)
                0x800161e8                LoadClut2
 .text          0x80016258       0x40 third_party/psyq/lib\libgpu.a(p00.o)
                0x80016258                GetTPage
 .text          0x80016298       0x20 third_party/psyq/lib\libgpu.a(p01.o)
                0x80016298                GetClut
 .text          0x800162b8       0xd0 third_party/psyq/lib\libgte.a(cor_02.o)
                0x800162b8                ccos
 .text          0x80016388      0x1e0 third_party/psyq/lib\libgte.a(cor_03.o)
                0x80016388                csin_1
                0x80016428                csin
 .text          0x80016568      0x120 third_party/psyq/lib\libgte.a(cor_01.o)
                0x80016568                csincos
 .text          0x80016688       0x10 third_party/psyq/lib\libapi.a(a23.o)
                0x80016688                ReturnFromException
 .text          0x80016698       0x10 third_party/psyq/lib\libapi.a(a24.o)
                0x80016698                ResetEntryInt
 .text          0x800166a8       0x10 third_party/psyq/lib\libapi.a(a25.o)
                0x800166a8                HookEntryInt
 .text          0x800166b8       0x20 third_party/psyq/lib\libapi.a(c114.o)
                0x800166c0                _96_remove
 .text          0x800166d8       0x10 third_party/psyq/lib\libapi.a(c73.o)
                0x800166d8                GPU_cw
 .text          0x800166e8       0x10 third_party/psyq/lib\libapi.a(l10.o)
                0x800166e8                ChangeClearRCnt
 .text          0x800166f8       0x20 third_party/psyq/lib\libc.a(a63.o)
                0x80016700                puts
 .text          0x80016718       0x10 third_party/psyq/lib\libc.a(c19.o)
                0x80016718                setjmp
 .text          0x80016728       0x10 third_party/psyq/lib\libc.a(c27.o)
                0x80016728                strlen
 .text          0x80016738       0x10 third_party/psyq/lib\libc.a(c43.o)
                0x80016738                memset
 .text          0x80016748       0x10 third_party/psyq/lib\libc.a(c63.o)
                0x80016748                printf
 .text          0x80016758       0x30 third_party/psyq/lib\libetc.a(vmode.o)
                0x80016758                SetVideoMode
                0x8001676c                GetVideoMode
                0x80016790                        . = ALIGN (0x10)
 *fill*         0x80016788        0x8 
 *(.init)
                0x80016790                        . = ALIGN (0x10)
 *(.fini)
                0x80016790                        . = ALIGN (0x10)
                0x80016790                        __text_end = .
                0x80016790                        __ftext_end = ABSOLUTE (.)
                0x80016790                        __fdata_start = ABSOLUTE (.)

.rodata         0x80016790      0x400
 *(.rodata .rodata.* .rdata .rdata.* .gnu.linkonce.r.*)
 .rodata        0x80016790       0x10 third_party/nugget/common/crt0/crt0.o
 .rodata.main.str1.4
                0x800167a0       0x44 main.o
 *fill*         0x800167e4        0x4 
 .rdata         0x800167e8       0x10 third_party/psyq/lib\libetc.a(vsync.o)
 .rdata         0x800167f8       0x70 third_party/psyq/lib\libetc.a(intr.o)
 .rdata         0x80016868       0x30 third_party/psyq/lib\libetc.a(intr_dma.o)
 .rdata         0x80016898       0xa0 third_party/psyq/lib\libgpu.a(font.o)
 .rdata         0x80016938      0x220 third_party/psyq/lib\libgpu.a(sys.o)
 .rdata         0x80016b58       0x30 third_party/psyq/lib\libgpu.a(t00.o)
                0x80016b90                        . = ALIGN (0x10)
 *fill*         0x80016b88        0x8 
                0x80016b90                        __preinit_array_start = .
 *(.preinit_array)
                0x80016b90                        __preinit_array_end = .
                0x80016b90                        . = ALIGN (0x10)
                0x80016b90                        __init_array_start = .
 *(SORT_BY_NAME(.init_array.*))
 *(.init_array)
                0x80016b90                        . = ALIGN (0x10)
 *crtbegin.o(.ctors)
 *(EXCLUDE_FILE(*crtend.o) .ctors)
 *(SORT_BY_NAME(.ctors.*))
 *crtend.o(.ctors)
                0x80016b90                        __init_array_end = .
                0x80016b90                        . = ALIGN (0x10)
                0x80016b90                        __fini_array_start = .
 *(.fini_array)
 *(SORT_BY_NAME(.fini_array.*))
 *crtbegin.o(.dtors)
 *(EXCLUDE_FILE(*crtend.o) .dtors)
 *(SORT_BY_NAME(.dtors.*))
 *crtend.o(.dtors)
                0x80016b90                        __fini_array_end = .
                0x80016b90                        __build_id = .
 *(.note.gnu.build-id)
                0x80016b90                        __build_id_end = .

.rel.dyn        0x80016b90        0x0
 .rel.dyn       0x80016b90        0x0 third_party/psyq/lib\libgpu.a(sys.o)

.rodata1
 *(.rodata1)
                0x80016b90                        __data_start = .

.data           0x80016b90     0x3c70
 *(.data .data.* .gnu.linkonce.d.*)
 .data          0x80016b90        0x0 third_party/nugget/common/crt0/crt0.o
 .data          0x80016b90        0x0 main.o
 .data.player_tri
                0x80016b90       0x18 main.o
                0x80016b90                player_tri
 .data          0x80016ba8     0x1220 my_image.o
                0x80016ba8                tim_my_image
 .data          0x80017dc8      0x840 ak-fnt.o
                0x80017dc8                tim_ak_fnt
 .data          0x80018608       0x10 third_party/psyq/lib\libapi.a(pad.o)
 .data          0x80018618       0x20 third_party/psyq/lib\libetc.a(vsync.o)
                0x80018628                Hcount
 .data          0x80018638       0x30 third_party/psyq/lib\libetc.a(intr_vb.o)
                0x80018658                Vcount
 .data          0x80018668     0x1100 third_party/psyq/lib\libetc.a(intr.o)
 .data          0x80019768       0x30 third_party/psyq/lib\libetc.a(intr_dma.o)
 .data          0x80019798      0xb90 third_party/psyq/lib\libgpu.a(font.o)
                0x80019798                Font
 .data          0x8001a328      0x1a0 third_party/psyq/lib\libgpu.a(sys.o)
                0x8001a374                GPU_printf
                0x8001a378                GEnv
                0x8001a4a0                _qin
                0x8001a4a4                _qout
 .data          0x8001a4c8       0x20 third_party/psyq/lib\libgte.a(cor_01.o)
                0x8001a4c8                H_cor_tbl
 .data          0x8001a4e8       0x10 third_party/psyq/lib\libetc.a(vmode.o)
 *(.data1)
 *(.sdata .sdata.* .gnu.linkonce.s.*)
 *(.sdata2 .sdata2.* .gnu.linkonce.s2.*)
 *(.got.plt)
 *(.got)
                0x8001a800                        . = ALIGN (0x800)
 *fill*         0x8001a4f8      0x308 50414444
                0x8001a800                        __data_end = .
                0x8001a800                        __fdata_end = .
                0x8001a800                        __bss_start = .

.sbss           0x8001a800    0x16050
 *(.dynsbss)
 *(.sbss .sbss.* .gnu.linkonce.sb.*)
 .sbss.shake_magnitude
                0x8001a800        0x4 main.o
                0x8001a800                shake_magnitude
 .sbss.shake_timer
                0x8001a804        0x4 main.o
                0x8001a804                shake_timer
 .sbss.tim_voffs
                0x8001a808        0x4 main.o
                0x8001a808                tim_voffs
 .sbss.tim_uoffs
                0x8001a80c        0x4 main.o
                0x8001a80c                tim_uoffs
 .sbss.tim_crect
                0x8001a810        0x8 main.o
                0x8001a810                tim_crect
 .sbss.tim_prect
                0x8001a818        0x8 main.o
                0x8001a818                tim_prect
 .sbss.tim_mode
                0x8001a820        0x4 main.o
                0x8001a820                tim_mode
 .sbss.nextpri  0x8001a824        0x4 main.o
                0x8001a824                nextpri
 .sbss.db       0x8001a828        0x4 main.o
                0x8001a828                db
 .sbss.score    0x8001a82c        0x4 main.o
                0x8001a82c                score
 .sbss.alive    0x8001a830        0x4 main.o
                0x8001a830                alive
 *(.scommon)
 *(.dynbss)
 *(.bss .bss.* .gnu.linkonce.b.*)
 .bss.padbuff   0x8001a834       0x44 main.o
                0x8001a834                padbuff
 .bss.pribuff   0x8001a878    0x10000 main.o
                0x8001a878                pribuff
 .bss.ot        0x8002a878       0x40 main.o
                0x8002a878                ot
 .bss.draw      0x8002a8b8       0xb8 main.o
                0x8002a8b8                draw
 .bss.disp      0x8002a970       0x28 main.o
                0x8002a970                disp
 .bss.bullets   0x8002a998       0x14 main.o
                0x8002a998                bullets
 .bss.asteroids
                0x8002a9ac      0x100 main.o
                0x8002a9ac                asteroids
 .bss.explosions
                0x8002aaac      0x100 main.o
                0x8002aaac                explosions
 *fill*         0x8002abac        0x4 
 .bss           0x8002abb0       0x10 third_party/psyq/lib\libapi.a(pad.o)
                0x8002abb0                _apiPadPatch
 .bss           0x8002abc0       0x10 third_party/psyq/lib\libapi.a(patch.o)
 .bss           0x8002abd0       0x10 third_party/psyq/lib\libapi.a(chclrpad.o)
 .bss           0x8002abe0     0x4410 third_party/psyq/lib\libgpu.a(font.o)
 .bss           0x8002eff0     0x1850 third_party/psyq/lib\libgpu.a(sys.o)
                0x8002f040                _que
 .bss           0x80030840       0x10 third_party/psyq/lib\libgpu.a(t00.o)
 *(COMMON)
                0x80030850                        . = ALIGN (0x4)
                0x80030850                        __bss_end = .
                0x80030850                        __heap_start = __heap_base
                0x8000f800                        . = (ADDR (.text) - 0x800)
                0x8000f800                        __end = .

/DISCARD/
 *(.MIPS.abiflags)

/DISCARD/
 *(.rel.iplt)
 *(.rela.iplt)
 *(.rel.plt)
 *(.rela.plt)
 *(.plt)
 *(.iplt)

/DISCARD/
 *(.note.GNU-stack)
 *(.gnu_debuglink)
 *(.gnu.lto_*)

.scratchpad
 *(.scratchpad)
OUTPUT(MAIN.elf elf32-littlemips)

.reginfo        0x00000000       0x18
 .reginfo       0x00000000       0x18 third_party/nugget/common/crt0/crt0.o

.pdr            0x00000000        0x0
 .pdr           0x00000000        0x0 third_party/nugget/common/crt0/crt0.o
 .pdr           0x00000000        0x0 my_image.o
 .pdr           0x00000000        0x0 ak-fnt.o

.gnu.attributes
                0x00000000       0x10
 .gnu.attributes
                0x00000000       0x10 third_party/nugget/common/crt0/crt0.o
 .gnu.attributes
                0x00000010       0x10 main.o
 .gnu.attributes
                0x00000020       0x10 my_image.o
 .gnu.attributes
                0x00000030       0x10 ak-fnt.o

.mdebug.abi32   0x00000000        0x0
 .mdebug.abi32  0x00000000        0x0 main.o

.comment        0x00000000       0x12
 .comment       0x00000000       0x12 main.o
                                 0x13 (size before relaxing)

.note           0x00000000     0x15c0
 .note          0x00000000       0x74 third_party/psyq/lib\libapi.a(a91.o)
 .note          0x00000074       0x74 third_party/psyq/lib\libapi.a(pad.o)
 .note          0x000000e8       0x74 third_party/psyq/lib\libapi.a(patch.o)
 .note          0x0000015c       0x74 third_party/psyq/lib\libapi.a(a18.o)
 .note          0x000001d0       0x74 third_party/psyq/lib\libapi.a(a19.o)
 .note          0x00000244       0x74 third_party/psyq/lib\libapi.a(a21.o)
 .note          0x000002b8       0x74 third_party/psyq/lib\libapi.a(a36.o)
 .note          0x0000032c       0x74 third_party/psyq/lib\libapi.a(a37.o)
 .note          0x000003a0       0x74 third_party/psyq/lib\libapi.a(c68.o)
 .note          0x00000414       0x74 third_party/psyq/lib\libapi.a(chclrpad.o)
 .note          0x00000488       0x74 third_party/psyq/lib\libapi.a(l02.o)
 .note          0x000004fc       0x74 third_party/psyq/lib\libapi.a(l03.o)
 .note          0x00000570       0x74 third_party/psyq/lib\libc.a(c42.o)
 .note          0x000005e4       0x74 third_party/psyq/lib\libc.a(c47.o)
 .note          0x00000658       0x74 third_party/psyq/lib\libetc.a(vsync.o)
 .note          0x000006cc       0x74 third_party/psyq/lib\libetc.a(intr_vb.o)
 .note          0x00000740       0x74 third_party/psyq/lib\libetc.a(intr.o)
 .note          0x000007b4       0x74 third_party/psyq/lib\libetc.a(intr_dma.o)
 .note          0x00000828       0x74 third_party/psyq/lib\libgpu.a(e03.o)
 .note          0x0000089c       0x74 third_party/psyq/lib\libgpu.a(e04.o)
 .note          0x00000910       0x74 third_party/psyq/lib\libgpu.a(font.o)
 .note          0x00000984       0x74 third_party/psyq/lib\libgpu.a(p06.o)
 .note          0x000009f8       0x74 third_party/psyq/lib\libgpu.a(p09.o)
 .note          0x00000a6c       0x74 third_party/psyq/lib\libgpu.a(p10.o)
 .note          0x00000ae0       0x74 third_party/psyq/lib\libgpu.a(p20.o)
 .note          0x00000b54       0x74 third_party/psyq/lib\libgpu.a(p26.o)
 .note          0x00000bc8       0x74 third_party/psyq/lib\libgpu.a(p41.o)
 .note          0x00000c3c       0x74 third_party/psyq/lib\libgpu.a(sys.o)
 .note          0x00000cb0       0x74 third_party/psyq/lib\libgpu.a(t00.o)
 .note          0x00000d24       0x74 third_party/psyq/lib\libgpu.a(e00.o)
 .note          0x00000d98       0x74 third_party/psyq/lib\libgpu.a(e02.o)
 .note          0x00000e0c       0x74 third_party/psyq/lib\libgpu.a(p00.o)
 .note          0x00000e80       0x74 third_party/psyq/lib\libgpu.a(p01.o)
 .note          0x00000ef4       0x74 third_party/psyq/lib\libgte.a(cor_02.o)
 .note          0x00000f68       0x74 third_party/psyq/lib\libgte.a(cor_03.o)
 .note          0x00000fdc       0x74 third_party/psyq/lib\libgte.a(cor_01.o)
 .note          0x00001050       0x74 third_party/psyq/lib\libapi.a(a23.o)
 .note          0x000010c4       0x74 third_party/psyq/lib\libapi.a(a24.o)
 .note          0x00001138       0x74 third_party/psyq/lib\libapi.a(a25.o)
 .note          0x000011ac       0x74 third_party/psyq/lib\libapi.a(c114.o)
 .note          0x00001220       0x74 third_party/psyq/lib\libapi.a(c73.o)
 .note          0x00001294       0x74 third_party/psyq/lib\libapi.a(l10.o)
 .note          0x00001308       0x74 third_party/psyq/lib\libc.a(a63.o)
 .note          0x0000137c       0x74 third_party/psyq/lib\libc.a(c19.o)
 .note          0x000013f0       0x74 third_party/psyq/lib\libc.a(c27.o)
 .note          0x00001464       0x74 third_party/psyq/lib\libc.a(c43.o)
 .note          0x000014d8       0x74 third_party/psyq/lib\libc.a(c63.o)
 .note          0x0000154c       0x74 third_party/psyq/lib\libetc.a(vmode.o)

.debug_line     0x00000000      0xcf8
 .debug_line    0x00000000       0x5b third_party/nugget/common/crt0/crt0.o
 .debug_line    0x0000005b      0xc9d main.o

.debug_line_str
                0x00000000       0x44
 .debug_line_str
                0x00000000       0x44 third_party/nugget/common/crt0/crt0.o

.debug_info     0x00000000     0x193d
 .debug_info    0x00000000       0x24 third_party/nugget/common/crt0/crt0.o
 .debug_info    0x00000024     0x1919 main.o

.debug_abbrev   0x00000000      0x4c1
 .debug_abbrev  0x00000000       0x14 third_party/nugget/common/crt0/crt0.o
 .debug_abbrev  0x00000014      0x4ad main.o

.debug_aranges  0x00000000       0x78
 .debug_aranges
                0x00000000       0x20 third_party/nugget/common/crt0/crt0.o
 .debug_aranges
                0x00000020       0x58 main.o

.debug_str      0x00000000      0x509
 .debug_str     0x00000000      0x509 third_party/nugget/common/crt0/crt0.o
                                 0x50 (size before relaxing)
 .debug_str     0x00000509      0x542 main.o

.debug_loclists
                0x00000000      0x7cb
 .debug_loclists
                0x00000000      0x7cb main.o

.debug_rnglists
                0x00000000       0xa4
 .debug_rnglists
                0x00000000       0xa4 main.o

.debug_frame    0x00000000      0x14c
 .debug_frame   0x00000000      0x14c main.o
