Archive member included to satisfy reference by file (symbol)

third_party/psyq/lib\libapi.a(a91.o)
                              src/main.o (ChangeClearPAD)
third_party/psyq/lib\libapi.a(pad.o)
                              src/main.o (InitPAD)
third_party/psyq/lib\libapi.a(patch.o)
                              third_party/psyq/lib\libapi.a(pad.o) (_patch_pad)
third_party/psyq/lib\libapi.a(a18.o)
                              third_party/psyq/lib\libapi.a(pad.o) (InitPAD2)
third_party/psyq/lib\libapi.a(a19.o)
                              third_party/psyq/lib\libapi.a(pad.o) (StartPAD2)
third_party/psyq/lib\libapi.a(a21.o)
                              third_party/psyq/lib\libapi.a(pad.o) (PAD_init2)
third_party/psyq/lib\libapi.a(a36.o)
                              third_party/psyq/lib\libapi.a(pad.o) (EnterCriticalSection)
third_party/psyq/lib\libapi.a(a37.o)
                              third_party/psyq/lib\libapi.a(pad.o) (ExitCriticalSection)
third_party/psyq/lib\libapi.a(c68.o)
                              third_party/psyq/lib\libapi.a(patch.o) (FlushCache)
third_party/psyq/lib\libapi.a(chclrpad.o)
                              third_party/psyq/lib\libapi.a(pad.o) (_remove_ChgclrPAD)
third_party/psyq/lib\libapi.a(l02.o)
                              third_party/psyq/lib\libapi.a(pad.o) (SysEnqIntRP)
third_party/psyq/lib\libapi.a(l03.o)
                              third_party/psyq/lib\libapi.a(pad.o) (SysDeqIntRP)
third_party/psyq/lib\libc.a(c27.o)
                              src/main.o (strlen)
third_party/psyq/lib\libc.a(c42.o)
                              src/main.o (memcpy)
third_party/psyq/lib\libc.a(c47.o)
                              src/main.o (rand)
third_party/psyq/lib\libc.a(sprintf.o)
                              src/main.o (sprintf)
third_party/psyq/lib\libc.a(c46.o)
                              third_party/psyq/lib\libc.a(sprintf.o) (memchr)
third_party/psyq/lib\libc.a(memmove.o)
                              third_party/psyq/lib\libc.a(sprintf.o) (memmove)
third_party/psyq/lib\libetc.a(vsync.o)
                              src/main.o (VSync)
third_party/psyq/lib\libetc.a(intr_vb.o)
                              third_party/psyq/lib\libetc.a(vsync.o) (Vcount)
third_party/psyq/lib\libetc.a(intr.o)
                              third_party/psyq/lib\libetc.a(intr_vb.o) (InterruptCallback)
third_party/psyq/lib\libetc.a(intr_dma.o)
                              third_party/psyq/lib\libetc.a(intr.o) (startIntrDMA)
third_party/psyq/lib\libgpu.a(e03.o)
                              src/main.o (SetDefDrawEnv)
third_party/psyq/lib\libgpu.a(e04.o)
                              src/main.o (SetDefDispEnv)
third_party/psyq/lib\libgpu.a(font.o)
                              src/main.o (FntFlush)
third_party/psyq/lib\libgpu.a(p06.o)
                              third_party/psyq/lib\libgpu.a(font.o) (AddPrim)
third_party/psyq/lib\libgpu.a(p09.o)
                              third_party/psyq/lib\libgpu.a(font.o) (TermPrim)
third_party/psyq/lib\libgpu.a(p10.o)
                              third_party/psyq/lib\libgpu.a(font.o) (SetSemiTrans)
third_party/psyq/lib\libgpu.a(p20.o)
                              third_party/psyq/lib\libgpu.a(font.o) (SetSprt8)
third_party/psyq/lib\libgpu.a(p26.o)
                              third_party/psyq/lib\libgpu.a(font.o) (SetTile)
third_party/psyq/lib\libgpu.a(p41.o)
                              third_party/psyq/lib\libgpu.a(font.o) (SetDrawMode)
third_party/psyq/lib\libgpu.a(sys.o)
                              src/main.o (LoadImage)
third_party/psyq/lib\libgpu.a(t00.o)
                              src/main.o (ReadTIM)
third_party/psyq/lib\libgpu.a(e00.o)
                              third_party/psyq/lib\libgpu.a(font.o) (LoadTPage)
third_party/psyq/lib\libgpu.a(e02.o)
                              third_party/psyq/lib\libgpu.a(font.o) (LoadClut2)
third_party/psyq/lib\libgpu.a(p00.o)
                              third_party/psyq/lib\libgpu.a(e00.o) (GetTPage)
third_party/psyq/lib\libgpu.a(p01.o)
                              third_party/psyq/lib\libgpu.a(e02.o) (GetClut)
third_party/psyq/lib\libgte.a(cor_02.o)
                              src/main.o (ccos)
third_party/psyq/lib\libgte.a(cor_03.o)
                              src/main.o (csin)
third_party/psyq/lib\libgte.a(cor_01.o)
                              third_party/psyq/lib\libgte.a(cor_02.o) (csincos)
third_party/psyq/lib\libapi.a(a23.o)
                              third_party/psyq/lib\libetc.a(intr.o) (ReturnFromException)
third_party/psyq/lib\libapi.a(a24.o)
                              third_party/psyq/lib\libetc.a(intr.o) (ResetEntryInt)
third_party/psyq/lib\libapi.a(a25.o)
                              third_party/psyq/lib\libetc.a(intr.o) (HookEntryInt)
third_party/psyq/lib\libapi.a(c114.o)
                              third_party/psyq/lib\libetc.a(intr.o) (_96_remove)
third_party/psyq/lib\libapi.a(c73.o)
                              third_party/psyq/lib\libgpu.a(sys.o) (GPU_cw)
third_party/psyq/lib\libapi.a(l10.o)
                              third_party/psyq/lib\libetc.a(vsync.o) (ChangeClearRCnt)
third_party/psyq/lib\libc.a(a63.o)
                              third_party/psyq/lib\libetc.a(vsync.o) (puts)
third_party/psyq/lib\libc.a(c19.o)
                              third_party/psyq/lib\libetc.a(intr.o) (setjmp)
third_party/psyq/lib\libc.a(c43.o)
                              third_party/psyq/lib\libgpu.a(font.o) (memset)
third_party/psyq/lib\libc.a(c63.o)
                              third_party/psyq/lib\libetc.a(intr.o) (printf)
third_party/psyq/lib\libetc.a(vmode.o)
                              third_party/psyq/lib\libgpu.a(e03.o) (GetVideoMode)

Discarded input sections

 .text          0x00000000        0x0 third_party/nugget/common/crt0/crt0.o
 .bss           0x00000000        0x0 third_party/nugget/common/crt0/crt0.o
 .MIPS.abiflags
                0x00000000       0x18 third_party/nugget/common/crt0/crt0.o
 .text          0x00000000        0x0 src/main.o
 .bss           0x00000000        0x0 src/main.o
 .reginfo       0x00000000       0x18 src/main.o
 .MIPS.abiflags
                0x00000000       0x18 src/main.o
 .pdr           0x00000000      0x200 src/main.o
 .text.checkCollision
                0x00000000       0x54 src/main.o
 .sbss.notImplementedTimer
                0x00000000        0x4 src/main.o
 .text          0x00000000        0x0 assets/my_image.o
 .bss           0x00000000        0x0 assets/my_image.o
 .reginfo       0x00000000       0x18 assets/my_image.o
 .MIPS.abiflags
                0x00000000       0x18 assets/my_image.o

Memory Configuration

Name             Origin             Length             Attributes
loader           0x8000f800         0x00000800
ram              0x80010000         0x001f0000         xrw
dcache           0x1f800000         0x00000400
*default*        0x00000000         0xffffffff

Linker script and memory map

LOAD third_party/nugget/common/crt0/crt0.o
LOAD src/main.o
LOAD assets/my_image.o
START GROUP
LOAD third_party/psyq/lib\libapi.a
LOAD third_party/psyq/lib\libc.a
LOAD third_party/psyq/lib\libc2.a
LOAD third_party/psyq/lib\libcard.a
LOAD third_party/psyq/lib\libcd.a
LOAD third_party/psyq/lib\libcomb.a
LOAD third_party/psyq/lib\libds.a
LOAD third_party/psyq/lib\libetc.a
LOAD third_party/psyq/lib\libgpu.a
LOAD third_party/psyq/lib\libgs.a
LOAD third_party/psyq/lib\libgte.a
LOAD third_party/psyq/lib\libgun.a
LOAD third_party/psyq/lib\libhmd.a
LOAD third_party/psyq/lib\libmath.a
LOAD third_party/psyq/lib\libmcrd.a
LOAD third_party/psyq/lib\libmcx.a
LOAD third_party/psyq/lib\libpad.a
LOAD third_party/psyq/lib\libpress.a
LOAD third_party/psyq/lib\libsio.a
LOAD third_party/psyq/lib\libsnd.a
LOAD third_party/psyq/lib\libspu.a
LOAD third_party/psyq/lib\libtap.a
END GROUP
                0x80045e90                        __heap_base = __bss_end
                0x00200000                        RAM_SIZE = DEFINED (RAM_SIZE)?RAM_SIZE:0x200000
                0x80010000                        TLOAD_ADDR = DEFINED (TLOAD_ADDR)?TLOAD_ADDR:0x80010000
                0x80200000                        __ram_top = (ORIGIN (ram) + LENGTH (ram))
                0x801fff00                        __sp = (__ram_top - 0x100)
                0x1f800000                        __dcache = ORIGIN (dcache)
                0x1f800400                        __dcache_top = (ORIGIN (dcache) + LENGTH (dcache))
                0x00016690                        __bss_len = (__bss_end - __bss_start)
                0x00008e10                        __ftext_len = (__ftext_end - __ftext_start)
                0x000169f0                        __fdata_len = (__fdata_end - __fdata_start)
                0x80200000                        __stack_start = (ORIGIN (ram) + LENGTH (ram))

.PSX_EXE_Header
                0x8000f800      0x800
                0x8000f800        0x1 BYTE 0x50
                0x8000f801        0x1 BYTE 0x53
                0x8000f802        0x1 BYTE 0x2d
                0x8000f803        0x1 BYTE 0x58
                0x8000f804        0x1 BYTE 0x20
                0x8000f805        0x1 BYTE 0x45
                0x8000f806        0x1 BYTE 0x58
                0x8000f807        0x1 BYTE 0x45
                0x8000f808        0x4 LONG 0x0
                0x8000f80c        0x4 LONG 0x0
                0x8000f810        0x4 LONG 0x80010000 ABSOLUTE (_start)
                0x8000f814        0x4 LONG 0x0
                0x8000f818        0x4 LONG 0x80010000 TLOAD_ADDR
                0x8000f81c        0x4 LONG 0x1f800 (__ftext_len + __fdata_len)
                0x8000f820        0x4 LONG 0x0
                0x8000f824        0x4 LONG 0x0
                0x8000f828        0x4 LONG 0x0
                0x8000f82c        0x4 LONG 0x0
                0x8000f830        0x4 LONG 0x801fff00 DEFINED (_sp)?ABSOLUTE (_sp):__sp
                0x8000f834        0x4 LONG 0x0
                0x80010000                        . = (. + 0x7c8)
 *fill*         0x8000f838      0x7c8 
                0x80010000                        __ftext_start = ABSOLUTE (.)

.text           0x80010000     0x8e10
 *(.start)
 .start         0x80010000       0x64 third_party/nugget/common/crt0/crt0.o
                0x80010000                _start
 *(.init)
 *(SORT_NONE(.fini))
 *(.text.unlikely .text.*_unlikely .text.unlikely.*)
 *(.text.exit .text.exit.*)
 *(.text.startup .text.startup.*)
 .text.startup.main
                0x80010064       0xd4 src/main.o
                0x80010064                main
 *(.text.hot .text.hot.*)
 *(.text .stub .text.* .gnu.linkonce.t.*)
 .text.display  0x80010138      0x16c src/main.o
                0x80010138                display
 .text.LoadTexture
                0x800102a4       0x7c src/main.o
                0x800102a4                LoadTexture
 .text.loadstuff
                0x80010320       0xa8 src/main.o
                0x80010320                loadstuff
 .text.init     0x800103c8      0x248 src/main.o
                0x800103c8                init
 .text.getMaxAsteroids
                0x80010610       0x38 src/main.o
                0x80010610                getMaxAsteroids
 .text.sortRotSprite
                0x80010648      0x2c0 src/main.o
                0x80010648                sortRotSprite
 .text.spawnAsteroid
                0x80010908      0x214 src/main.o
                0x80010908                spawnAsteroid
 .text.drawStars
                0x80010b1c      0x118 src/main.o
                0x80010b1c                drawStars
 .text.updateShrapnel
                0x80010c34      0x250 src/main.o
                0x80010c34                updateShrapnel
 .text.updateGame
                0x80010e84      0xb70 src/main.o
                0x80010e84                updateGame
 .text.updateGameCoop
                0x800119f4     0x1170 src/main.o
                0x800119f4                updateGameCoop
 .text.centerPrint
                0x80012b64       0x84 src/main.o
                0x80012b64                centerPrint
 .text.updateTitleScreen
                0x80012be8      0x320 src/main.o
                0x80012be8                updateTitleScreen
 .text.updateGameOver
                0x80012f08      0x108 src/main.o
                0x80012f08                updateGameOver
 .text          0x80013010       0x10 third_party/psyq/lib\libapi.a(a91.o)
                0x80013010                ChangeClearPAD
 .text          0x80013020      0x290 third_party/psyq/lib\libapi.a(pad.o)
                0x80013020                SetInitPadFlag
                0x8001302c                ReadInitPadFlag
                0x8001303c                PAD_init
                0x800130cc                InitPAD
                0x8001315c                StartPAD
 .text          0x800132b0       0xa0 third_party/psyq/lib\libapi.a(patch.o)
                0x800132b0                EnablePAD
                0x800132c4                DisablePAD
                0x800132d8                _patch_pad
 .text          0x80013350       0x10 third_party/psyq/lib\libapi.a(a18.o)
                0x80013350                InitPAD2
 .text          0x80013360       0x10 third_party/psyq/lib\libapi.a(a19.o)
                0x80013360                StartPAD2
 .text          0x80013370       0x10 third_party/psyq/lib\libapi.a(a21.o)
                0x80013370                PAD_init2
 .text          0x80013380       0x10 third_party/psyq/lib\libapi.a(a36.o)
                0x80013380                EnterCriticalSection
 .text          0x80013390       0x10 third_party/psyq/lib\libapi.a(a37.o)
                0x80013390                ExitCriticalSection
 .text          0x800133a0       0x10 third_party/psyq/lib\libapi.a(c68.o)
                0x800133a0                FlushCache
 .text          0x800133b0       0x70 third_party/psyq/lib\libapi.a(chclrpad.o)
                0x800133b0                _remove_ChgclrPAD
 .text          0x80013420       0x10 third_party/psyq/lib\libapi.a(l02.o)
                0x80013420                SysEnqIntRP
 .text          0x80013430       0x10 third_party/psyq/lib\libapi.a(l03.o)
                0x80013430                SysDeqIntRP
 .text          0x80013440       0x10 third_party/psyq/lib\libc.a(c27.o)
                0x80013440                strlen
 .text          0x80013450       0x10 third_party/psyq/lib\libc.a(c42.o)
                0x80013450                memcpy
 .text          0x80013460       0x10 third_party/psyq/lib\libc.a(c47.o)
                0x80013460                rand
 .text          0x80013470      0x890 third_party/psyq/lib\libc.a(sprintf.o)
                0x80013470                sprintf
 .text          0x80013d00       0x10 third_party/psyq/lib\libc.a(c46.o)
                0x80013d00                memchr
 .text          0x80013d10       0x70 third_party/psyq/lib\libc.a(memmove.o)
                0x80013d10                memmove
 .text          0x80013d80      0x210 third_party/psyq/lib\libetc.a(vsync.o)
                0x80013d80                VSync
 .text          0x80013f90      0x120 third_party/psyq/lib\libetc.a(intr_vb.o)
                0x80013f90                startIntrVSync
 .text          0x800140b0      0x6c0 third_party/psyq/lib\libetc.a(intr.o)
                0x800140b0                ResetCallback
                0x800140e0                InterruptCallback
                0x80014110                DMACallback
                0x80014140                VSyncCallback
                0x80014174                VSyncCallbacks
                0x800141a4                StopCallback
                0x800141d4                RestartCallback
                0x80014204                CheckCallback
                0x80014214                GetIntrMask
                0x8001422c                SetIntrMask
 .text          0x80014770      0x2a0 third_party/psyq/lib\libetc.a(intr_dma.o)
                0x80014770                startIntrDMA
 .text          0x80014a10       0xc0 third_party/psyq/lib\libgpu.a(e03.o)
                0x80014a10                SetDefDrawEnv
 .text          0x80014ad0       0x40 third_party/psyq/lib\libgpu.a(e04.o)
                0x80014ad0                SetDefDispEnv
 .text          0x80014b10      0xa80 third_party/psyq/lib\libgpu.a(font.o)
                0x80014b10                SetDumpFnt
                0x80014b50                FntLoad
                0x80014bf0                FntOpen
                0x80014eac                FntFlush
                0x800151c8                FntPrint
 .text          0x80015590       0x40 third_party/psyq/lib\libgpu.a(p06.o)
                0x80015590                AddPrim
 .text          0x800155d0       0x20 third_party/psyq/lib\libgpu.a(p09.o)
                0x800155d0                TermPrim
 .text          0x800155f0       0x30 third_party/psyq/lib\libgpu.a(p10.o)
                0x800155f0                SetSemiTrans
 .text          0x80015620       0x20 third_party/psyq/lib\libgpu.a(p20.o)
                0x80015620                SetSprt8
 .text          0x80015640       0x20 third_party/psyq/lib\libgpu.a(p26.o)
                0x80015640                SetTile
 .text          0x80015660       0xa0 third_party/psyq/lib\libgpu.a(p41.o)
                0x80015660                SetDrawMode
 .text          0x80015700     0x2f00 third_party/psyq/lib\libgpu.a(sys.o)
                0x80015700                ResetGraph
                0x80015874                SetGraphDebug
                0x800158d0                SetGraphQueue
                0x80015974                GetGraphDebug
                0x80015984                DrawSyncCallback
                0x800159e4                SetDispMask
                0x80015a7c                DrawSync
                0x80015c00                ClearImage
                0x80015c90                ClearImage2
                0x80015d28                LoadImage
                0x80015d88                StoreImage
                0x80015de8                MoveImage
                0x80015ea0                ClearOTag
                0x80015f68                ClearOTagR
                0x80016014                DrawPrim
                0x80016070                DrawOTag
                0x800160e0                PutDrawEnv
                0x800161a0                DrawOTagEnv
                0x80016278                GetDrawEnv
                0x800162ac                PutDispEnv
                0x800167a4                GetDispEnv
                0x800167d8                GetODE
                0x80016808                SetDrawArea
                0x80016888                SetDrawOffset
                0x800168c8                SetDrawEnv
                0x80018198                LoadImage2
                0x80018284                StoreImage2
                0x80018370                MoveImage2
                0x800184b4                DrawOTag2
                0x800185b0                _GPU_ResetCallback
 .text          0x80018600      0x190 third_party/psyq/lib\libgpu.a(t00.o)
                0x80018600                OpenTIM
                0x80018610                ReadTIM
 .text          0x80018790       0xf0 third_party/psyq/lib\libgpu.a(e00.o)
                0x80018790                LoadTPage
 .text          0x80018880       0x70 third_party/psyq/lib\libgpu.a(e02.o)
                0x80018880                LoadClut2
 .text          0x800188f0       0x40 third_party/psyq/lib\libgpu.a(p00.o)
                0x800188f0                GetTPage
 .text          0x80018930       0x20 third_party/psyq/lib\libgpu.a(p01.o)
                0x80018930                GetClut
 .text          0x80018950       0xd0 third_party/psyq/lib\libgte.a(cor_02.o)
                0x80018950                ccos
 .text          0x80018a20      0x1e0 third_party/psyq/lib\libgte.a(cor_03.o)
                0x80018a20                csin_1
                0x80018ac0                csin
 .text          0x80018c00      0x120 third_party/psyq/lib\libgte.a(cor_01.o)
                0x80018c00                csincos
 .text          0x80018d20       0x10 third_party/psyq/lib\libapi.a(a23.o)
                0x80018d20                ReturnFromException
 .text          0x80018d30       0x10 third_party/psyq/lib\libapi.a(a24.o)
                0x80018d30                ResetEntryInt
 .text          0x80018d40       0x10 third_party/psyq/lib\libapi.a(a25.o)
                0x80018d40                HookEntryInt
 .text          0x80018d50       0x20 third_party/psyq/lib\libapi.a(c114.o)
                0x80018d58                _96_remove
 .text          0x80018d70       0x10 third_party/psyq/lib\libapi.a(c73.o)
                0x80018d70                GPU_cw
 .text          0x80018d80       0x10 third_party/psyq/lib\libapi.a(l10.o)
                0x80018d80                ChangeClearRCnt
 .text          0x80018d90       0x20 third_party/psyq/lib\libc.a(a63.o)
                0x80018d98                puts
 .text          0x80018db0       0x10 third_party/psyq/lib\libc.a(c19.o)
                0x80018db0                setjmp
 .text          0x80018dc0       0x10 third_party/psyq/lib\libc.a(c43.o)
                0x80018dc0                memset
 .text          0x80018dd0       0x10 third_party/psyq/lib\libc.a(c63.o)
                0x80018dd0                printf
 .text          0x80018de0       0x30 third_party/psyq/lib\libetc.a(vmode.o)
                0x80018de0                SetVideoMode
                0x80018df4                GetVideoMode
                0x80018e10                        . = ALIGN (0x10)
 *(.init)
                0x80018e10                        . = ALIGN (0x10)
 *(.fini)
                0x80018e10                        . = ALIGN (0x10)
                0x80018e10                        __text_end = .
                0x80018e10                        __ftext_end = ABSOLUTE (.)
                0x80018e10                        __fdata_start = ABSOLUTE (.)

.rodata         0x80018e10      0x530
 *(.rodata .rodata.* .rdata .rdata.* .gnu.linkonce.r.*)
 .rodata        0x80018e10       0x10 third_party/nugget/common/crt0/crt0.o
 .rodata.updateGame.str1.4
                0x80018e20       0x94 src/main.o
                                  0xa (size before relaxing)
 .rodata.centerPrint.str1.4
                0x80018eb4        0x8 src/main.o
 .rodata.updateTitleScreen.str1.4
                0x80018eb4       0x59 src/main.o
 .rodata.updateGameOver.str1.4
                0x80018eb4       0x24 src/main.o
 *fill*         0x80018eb4        0x4 
 .rdata         0x80018eb8       0xe0 third_party/psyq/lib\libc.a(sprintf.o)
 .rdata         0x80018f98       0x10 third_party/psyq/lib\libetc.a(vsync.o)
 .rdata         0x80018fa8       0x70 third_party/psyq/lib\libetc.a(intr.o)
 .rdata         0x80019018       0x30 third_party/psyq/lib\libetc.a(intr_dma.o)
 .rdata         0x80019048       0xa0 third_party/psyq/lib\libgpu.a(font.o)
 .rdata         0x800190e8      0x220 third_party/psyq/lib\libgpu.a(sys.o)
 .rdata         0x80019308       0x30 third_party/psyq/lib\libgpu.a(t00.o)
                0x80019340                        . = ALIGN (0x10)
 *fill*         0x80019338        0x8 
                0x80019340                        __preinit_array_start = .
 *(.preinit_array)
                0x80019340                        __preinit_array_end = .
                0x80019340                        . = ALIGN (0x10)
                0x80019340                        __init_array_start = .
 *(SORT_BY_NAME(.init_array.*))
 *(.init_array)
                0x80019340                        . = ALIGN (0x10)
 *crtbegin.o(.ctors)
 *(EXCLUDE_FILE(*crtend.o) .ctors)
 *(SORT_BY_NAME(.ctors.*))
 *crtend.o(.ctors)
                0x80019340                        __init_array_end = .
                0x80019340                        . = ALIGN (0x10)
                0x80019340                        __fini_array_start = .
 *(.fini_array)
 *(SORT_BY_NAME(.fini_array.*))
 *crtbegin.o(.dtors)
 *(EXCLUDE_FILE(*crtend.o) .dtors)
 *(SORT_BY_NAME(.dtors.*))
 *crtend.o(.dtors)
                0x80019340                        __fini_array_end = .
                0x80019340                        __build_id = .
 *(.note.gnu.build-id)
                0x80019340                        __build_id_end = .

.rel.dyn        0x80019340        0x0
 .rel.dyn       0x80019340        0x0 third_party/psyq/lib\libgpu.a(sys.o)

.rodata1
 *(.rodata1)
                0x80019340                        __data_start = .

.data           0x80019340    0x164c0
 *(.data .data.* .gnu.linkonce.d.*)
 .data          0x80019340        0x0 third_party/nugget/common/crt0/crt0.o
 .data          0x80019340        0x0 src/main.o
 .data.player2_tri
                0x80019340       0x18 src/main.o
                0x80019340                player2_tri
 .data.player_tri
                0x80019358       0x18 src/main.o
                0x80019358                player_tri
 .data          0x80019370    0x14040 assets/my_image.o
                0x80019370                tim_my_image
                0x8001a590                tim_background
 .data          0x8002d3b0       0x10 third_party/psyq/lib\libapi.a(pad.o)
 .data          0x8002d3c0       0x10 third_party/psyq/lib\libc.a(sprintf.o)
 .data          0x8002d3d0       0x20 third_party/psyq/lib\libetc.a(vsync.o)
                0x8002d3e0                Hcount
 .data          0x8002d3f0       0x30 third_party/psyq/lib\libetc.a(intr_vb.o)
                0x8002d410                Vcount
 .data          0x8002d420     0x1100 third_party/psyq/lib\libetc.a(intr.o)
 .data          0x8002e520       0x30 third_party/psyq/lib\libetc.a(intr_dma.o)
 .data          0x8002e550      0xb90 third_party/psyq/lib\libgpu.a(font.o)
                0x8002e550                Font
 .data          0x8002f0e0      0x1a0 third_party/psyq/lib\libgpu.a(sys.o)
                0x8002f12c                GPU_printf
                0x8002f130                GEnv
                0x8002f258                _qin
                0x8002f25c                _qout
 .data          0x8002f280       0x20 third_party/psyq/lib\libgte.a(cor_01.o)
                0x8002f280                H_cor_tbl
 .data          0x8002f2a0       0x10 third_party/psyq/lib\libetc.a(vmode.o)
 *(.data1)
 *(.sdata .sdata.* .gnu.linkonce.s.*)
 .sdata.titleDelay
                0x8002f2b0        0x4 src/main.o
                0x8002f2b0                titleDelay
 *(.sdata2 .sdata2.* .gnu.linkonce.s2.*)
 *(.got.plt)
 *(.got)
                0x8002f800                        . = ALIGN (0x800)
 *fill*         0x8002f2b4      0x54c 50414444
                0x8002f800                        __data_end = .
                0x8002f800                        __fdata_end = .
                0x8002f800                        __bss_start = .

.sbss           0x8002f800    0x16690
 *(.dynsbss)
 *(.sbss .sbss.* .gnu.linkonce.sb.*)
 .sbss.gameState
                0x8002f800        0x4 src/main.o
                0x8002f800                gameState
 .sbss.vel2_y   0x8002f804        0x4 src/main.o
                0x8002f804                vel2_y
 .sbss.vel2_x   0x8002f808        0x4 src/main.o
                0x8002f808                vel2_x
 .sbss.angle2   0x8002f80c        0x4 src/main.o
                0x8002f80c                angle2
 .sbss.pos2_y   0x8002f810        0x4 src/main.o
                0x8002f810                pos2_y
 .sbss.pos2_x   0x8002f814        0x4 src/main.o
                0x8002f814                pos2_x
 .sbss.vel_y    0x8002f818        0x4 src/main.o
                0x8002f818                vel_y
 .sbss.vel_x    0x8002f81c        0x4 src/main.o
                0x8002f81c                vel_x
 .sbss.angle    0x8002f820        0x4 src/main.o
                0x8002f820                angle
 .sbss.pos_y    0x8002f824        0x4 src/main.o
                0x8002f824                pos_y
 .sbss.pos_x    0x8002f828        0x4 src/main.o
                0x8002f828                pos_x
 .sbss.shake_magnitude
                0x8002f82c        0x4 src/main.o
                0x8002f82c                shake_magnitude
 .sbss.shake_timer
                0x8002f830        0x4 src/main.o
                0x8002f830                shake_timer
 .sbss.tim_voffs
                0x8002f834        0x4 src/main.o
                0x8002f834                tim_voffs
 .sbss.tim_uoffs
                0x8002f838        0x4 src/main.o
                0x8002f838                tim_uoffs
 .sbss.tim_crect
                0x8002f83c        0x8 src/main.o
                0x8002f83c                tim_crect
 .sbss.tim_prect
                0x8002f844        0x8 src/main.o
                0x8002f844                tim_prect
 .sbss.tim_mode
                0x8002f84c        0x4 src/main.o
                0x8002f84c                tim_mode
 .sbss.nextpri  0x8002f850        0x4 src/main.o
                0x8002f850                nextpri
 .sbss.db       0x8002f854        0x4 src/main.o
                0x8002f854                db
 .sbss.score    0x8002f858        0x4 src/main.o
                0x8002f858                score
 .sbss.alive2   0x8002f85c        0x4 src/main.o
                0x8002f85c                alive2
 .sbss.alive    0x8002f860        0x4 src/main.o
                0x8002f860                alive
 .sbss.selectedOption
                0x8002f864        0x4 src/main.o
                0x8002f864                selectedOption
 *(.scommon)
 *(.dynbss)
 *(.bss .bss.* .gnu.linkonce.b.*)
 .bss.prev_buttons.0
                0x8002f868        0x4 src/main.o
 .bss.spawn_timer.1
                0x8002f86c        0x4 src/main.o
 .bss.spawn_timer.2
                0x8002f870        0x4 src/main.o
 .bss.padbuff   0x8002f874       0x44 src/main.o
                0x8002f874                padbuff
 .bss.stars     0x8002f8b8      0x400 src/main.o
                0x8002f8b8                stars
 .bss.pribuff   0x8002fcb8    0x10000 src/main.o
                0x8002fcb8                pribuff
 .bss.ot        0x8003fcb8       0x40 src/main.o
                0x8003fcb8                ot
 .bss.draw      0x8003fcf8       0xb8 src/main.o
                0x8003fcf8                draw
 .bss.disp      0x8003fdb0       0x28 src/main.o
                0x8003fdb0                disp
 .bss.bullets   0x8003fdd8       0x14 src/main.o
                0x8003fdd8                bullets
 .bss.asteroids
                0x8003fdec      0x100 src/main.o
                0x8003fdec                asteroids
 .bss.explosions
                0x8003feec      0x100 src/main.o
                0x8003feec                explosions
 .bss.shrapnelPieces
                0x8003ffec      0x200 src/main.o
                0x8003ffec                shrapnelPieces
 *fill*         0x800401ec        0x4 
 .bss           0x800401f0       0x10 third_party/psyq/lib\libapi.a(pad.o)
                0x800401f0                _apiPadPatch
 .bss           0x80040200       0x10 third_party/psyq/lib\libapi.a(patch.o)
 .bss           0x80040210       0x10 third_party/psyq/lib\libapi.a(chclrpad.o)
 .bss           0x80040220     0x4410 third_party/psyq/lib\libgpu.a(font.o)
 .bss           0x80044630     0x1850 third_party/psyq/lib\libgpu.a(sys.o)
                0x80044680                _que
 .bss           0x80045e80       0x10 third_party/psyq/lib\libgpu.a(t00.o)
 *(COMMON)
                0x80045e90                        . = ALIGN (0x4)
                0x80045e90                        __bss_end = .
                0x80045e90                        __heap_start = __heap_base
                0x8000f800                        . = (ADDR (.text) - 0x800)
                0x8000f800                        __end = .

/DISCARD/
 *(.MIPS.abiflags)

/DISCARD/
 *(.rel.iplt)
 *(.rela.iplt)
 *(.rel.plt)
 *(.rela.plt)
 *(.plt)
 *(.iplt)

/DISCARD/
 *(.note.GNU-stack)
 *(.gnu_debuglink)
 *(.gnu.lto_*)

.scratchpad
 *(.scratchpad)
OUTPUT(MAIN.elf elf32-littlemips)

.reginfo        0x00000000       0x18
 .reginfo       0x00000000       0x18 third_party/nugget/common/crt0/crt0.o

.pdr            0x00000000        0x0
 .pdr           0x00000000        0x0 third_party/nugget/common/crt0/crt0.o
 .pdr           0x00000000        0x0 assets/my_image.o

.gnu.attributes
                0x00000000       0x10
 .gnu.attributes
                0x00000000       0x10 third_party/nugget/common/crt0/crt0.o
 .gnu.attributes
                0x00000010       0x10 src/main.o
 .gnu.attributes
                0x00000020       0x10 assets/my_image.o

.mdebug.abi32   0x00000000        0x0
 .mdebug.abi32  0x00000000        0x0 src/main.o

.comment        0x00000000       0x12
 .comment       0x00000000       0x12 src/main.o
                                 0x13 (size before relaxing)

.note           0x00000000     0x171c
 .note          0x00000000       0x74 third_party/psyq/lib\libapi.a(a91.o)
 .note          0x00000074       0x74 third_party/psyq/lib\libapi.a(pad.o)
 .note          0x000000e8       0x74 third_party/psyq/lib\libapi.a(patch.o)
 .note          0x0000015c       0x74 third_party/psyq/lib\libapi.a(a18.o)
 .note          0x000001d0       0x74 third_party/psyq/lib\libapi.a(a19.o)
 .note          0x00000244       0x74 third_party/psyq/lib\libapi.a(a21.o)
 .note          0x000002b8       0x74 third_party/psyq/lib\libapi.a(a36.o)
 .note          0x0000032c       0x74 third_party/psyq/lib\libapi.a(a37.o)
 .note          0x000003a0       0x74 third_party/psyq/lib\libapi.a(c68.o)
 .note          0x00000414       0x74 third_party/psyq/lib\libapi.a(chclrpad.o)
 .note          0x00000488       0x74 third_party/psyq/lib\libapi.a(l02.o)
 .note          0x000004fc       0x74 third_party/psyq/lib\libapi.a(l03.o)
 .note          0x00000570       0x74 third_party/psyq/lib\libc.a(c27.o)
 .note          0x000005e4       0x74 third_party/psyq/lib\libc.a(c42.o)
 .note          0x00000658       0x74 third_party/psyq/lib\libc.a(c47.o)
 .note          0x000006cc       0x74 third_party/psyq/lib\libc.a(sprintf.o)
 .note          0x00000740       0x74 third_party/psyq/lib\libc.a(c46.o)
 .note          0x000007b4       0x74 third_party/psyq/lib\libc.a(memmove.o)
 .note          0x00000828       0x74 third_party/psyq/lib\libetc.a(vsync.o)
 .note          0x0000089c       0x74 third_party/psyq/lib\libetc.a(intr_vb.o)
 .note          0x00000910       0x74 third_party/psyq/lib\libetc.a(intr.o)
 .note          0x00000984       0x74 third_party/psyq/lib\libetc.a(intr_dma.o)
 .note          0x000009f8       0x74 third_party/psyq/lib\libgpu.a(e03.o)
 .note          0x00000a6c       0x74 third_party/psyq/lib\libgpu.a(e04.o)
 .note          0x00000ae0       0x74 third_party/psyq/lib\libgpu.a(font.o)
 .note          0x00000b54       0x74 third_party/psyq/lib\libgpu.a(p06.o)
 .note          0x00000bc8       0x74 third_party/psyq/lib\libgpu.a(p09.o)
 .note          0x00000c3c       0x74 third_party/psyq/lib\libgpu.a(p10.o)
 .note          0x00000cb0       0x74 third_party/psyq/lib\libgpu.a(p20.o)
 .note          0x00000d24       0x74 third_party/psyq/lib\libgpu.a(p26.o)
 .note          0x00000d98       0x74 third_party/psyq/lib\libgpu.a(p41.o)
 .note          0x00000e0c       0x74 third_party/psyq/lib\libgpu.a(sys.o)
 .note          0x00000e80       0x74 third_party/psyq/lib\libgpu.a(t00.o)
 .note          0x00000ef4       0x74 third_party/psyq/lib\libgpu.a(e00.o)
 .note          0x00000f68       0x74 third_party/psyq/lib\libgpu.a(e02.o)
 .note          0x00000fdc       0x74 third_party/psyq/lib\libgpu.a(p00.o)
 .note          0x00001050       0x74 third_party/psyq/lib\libgpu.a(p01.o)
 .note          0x000010c4       0x74 third_party/psyq/lib\libgte.a(cor_02.o)
 .note          0x00001138       0x74 third_party/psyq/lib\libgte.a(cor_03.o)
 .note          0x000011ac       0x74 third_party/psyq/lib\libgte.a(cor_01.o)
 .note          0x00001220       0x74 third_party/psyq/lib\libapi.a(a23.o)
 .note          0x00001294       0x74 third_party/psyq/lib\libapi.a(a24.o)
 .note          0x00001308       0x74 third_party/psyq/lib\libapi.a(a25.o)
 .note          0x0000137c       0x74 third_party/psyq/lib\libapi.a(c114.o)
 .note          0x000013f0       0x74 third_party/psyq/lib\libapi.a(c73.o)
 .note          0x00001464       0x74 third_party/psyq/lib\libapi.a(l10.o)
 .note          0x000014d8       0x74 third_party/psyq/lib\libc.a(a63.o)
 .note          0x0000154c       0x74 third_party/psyq/lib\libc.a(c19.o)
 .note          0x000015c0       0x74 third_party/psyq/lib\libc.a(c43.o)
 .note          0x00001634       0x74 third_party/psyq/lib\libc.a(c63.o)
 .note          0x000016a8       0x74 third_party/psyq/lib\libetc.a(vmode.o)

.debug_line     0x00000000     0x23f7
 .debug_line    0x00000000       0x5b third_party/nugget/common/crt0/crt0.o
 .debug_line    0x0000005b     0x239c src/main.o

.debug_line_str
                0x00000000       0x43
 .debug_line_str
                0x00000000       0x43 third_party/nugget/common/crt0/crt0.o

.debug_info     0x00000000     0x28cb
 .debug_info    0x00000000       0x24 third_party/nugget/common/crt0/crt0.o
 .debug_info    0x00000024     0x28a7 src/main.o

.debug_abbrev   0x00000000      0x504
 .debug_abbrev  0x00000000       0x14 third_party/nugget/common/crt0/crt0.o
 .debug_abbrev  0x00000014      0x4f0 src/main.o

.debug_aranges  0x00000000       0xb8
 .debug_aranges
                0x00000000       0x20 third_party/nugget/common/crt0/crt0.o
 .debug_aranges
                0x00000020       0x98 src/main.o

.debug_str      0x00000000      0x6f1
 .debug_str     0x00000000      0x6f1 third_party/nugget/common/crt0/crt0.o
                                 0x4f (size before relaxing)
 .debug_str     0x000006f1      0x72d src/main.o

.debug_loclists
                0x00000000      0xef2
 .debug_loclists
                0x00000000      0xef2 src/main.o

.debug_rnglists
                0x00000000      0x24f
 .debug_rnglists
                0x00000000      0x24f src/main.o

.debug_frame    0x00000000      0x298
 .debug_frame   0x00000000      0x298 src/main.o
